WARNING: All log messages before absl::InitializeLog() is called are written to STDERR
I0000 00:00:1788264579.432166     394 port.cc:153] oneDNN custom operations are on. You may see slightly different numerical results due to floating-point round-off errors from different computation orders. To turn them off, set the environment variable `TF_ENABLE_ONEDNN_OPTS=0`.
I0000 00:00:1788264580.698370     394 cpu_feature_guard.cc:227] This TensorFlow binary is optimized to use available CPU instructions in performance-critical operations.
To enable the following instructions: AVX2 AVX512F AVX512_VNNI AVX512_BF16 AVX_VNNI FMA, in other operations, rebuild TensorFlow with the appropriate compiler flags.
WARNING: All log messages before absl::InitializeLog() is called are written to STDERR
I0000 00:00:1788264583.744714     394 port.cc:153] oneDNN custom operations are on. You may see slightly different numerical results due to floating-point round-off errors from different computation orders. To turn them off, set the environment variable `TF_ENABLE_ONEDNN_OPTS=0`.
W0000 00:00:1788264586.905031     394 gpu_device.cc:2459] TensorFlow was not built with CUDA kernel binaries compatible with compute capability 12.0a. CUDA kernels will be jit-compiled from PTX, which could take 30 minutes or longer.
W0000 00:00:1788264587.010032     394 gpu_device.cc:2459] TensorFlow was not built with CUDA kernel binaries compatible with compute capability 12.0a. CUDA kernels will be jit-compiled from PTX, which could take 30 minutes or longer.
I0000 00:00:1788264587.268803     394 gpu_device.cc:2043] Created device /job:localhost/replica:0/task:0/device:GPU:0 with 5199 MB memory:  -> device: 0, name: NVIDIA GeForce RTX 5070 Laptop GPU, pci bus id: 0000:01:00.0, compute capability: 12.0a
I0000 00:00:1788264591.171011     483 service.cc:153] XLA service 0x710330045cb0 initialized for platform CUDA (this does not guarantee that XLA will be used). Devices:
I0000 00:00:1788264591.171415     483 service.cc:161]   StreamExecutor [0]: NVIDIA GeForce RTX 5070 Laptop GPU, Compute Capability 12.0a (Driver: 13.2.0; Runtime: 12.9.0; Toolkit: 12.5.0; DNN: 9.24.0)
I0000 00:00:1788264591.234680     483 dump_mlir_util.cc:269] disabling MLIR crash reproducer, set env var `MLIR_CRASH_REPRODUCER_DIRECTORY` to enable.
I0000 00:00:1788264591.541373     483 cuda_dnn.cc:461] Loaded cuDNN version 92400
I0000 00:00:1788264600.047478     483 device_compiler.h:208] Compiled cluster using XLA!  This line is logged at most once for the lifetime of the process.
[ACC5] PASS mit_incart_auc: 0.8636442636994252 (>=0.848)
[ACC5] FAIL mit_incart_beat_f1: 0.3576204354534545 (>=0.4)
[ACC5] PASS mit_incart_fp_per_record: 1.1304 (<=1.5)
[ACC5] PASS mit_incart_event_f1: 0.8272 (>=0.64)
[ACC5] PASS mit_incart_beat_sensitivity: 0.9253016323633783 (>=0.9)
[ACC5] PASS ptb_auc: 0.7875965723212821 (>=0.7)
[ACC5] PASS ptb_event_f1: 0.8889 (>=0.75)
[ACC5] PASS collapse_detector: 89 (>=3)
[ACC5] FAIL real_afe_holdout: {'mean_prob': 0.22906427085399628, 'frac_gt_0.5': 0.225} (mean<0.10 且 frac=0)
[ACC5] FAIL train_best_val_auc: 0.7628100490196078 (>=0.8)
[ACC5] overall=FAIL failed=['mit_incart_beat_f1', 'real_afe_holdout', 'train_best_val_auc'] (28s)
EXIT_CODE=0
