WARNING: All log messages before absl::InitializeLog() is called are written to STDERR
I0000 00:00:1788279169.259231     378 port.cc:153] oneDNN custom operations are on. You may see slightly different numerical results due to floating-point round-off errors from different computation orders. To turn them off, set the environment variable `TF_ENABLE_ONEDNN_OPTS=0`.
I0000 00:00:1788279170.224974     378 cpu_feature_guard.cc:227] This TensorFlow binary is optimized to use available CPU instructions in performance-critical operations.
To enable the following instructions: AVX2 AVX512F AVX512_VNNI AVX512_BF16 AVX_VNNI FMA, in other operations, rebuild TensorFlow with the appropriate compiler flags.
WARNING: All log messages before absl::InitializeLog() is called are written to STDERR
I0000 00:00:1788279172.823070     378 port.cc:153] oneDNN custom operations are on. You may see slightly different numerical results due to floating-point round-off errors from different computation orders. To turn them off, set the environment variable `TF_ENABLE_ONEDNN_OPTS=0`.
W0000 00:00:1788279177.251383     378 gpu_device.cc:2459] TensorFlow was not built with CUDA kernel binaries compatible with compute capability 12.0a. CUDA kernels will be jit-compiled from PTX, which could take 30 minutes or longer.
W0000 00:00:1788279177.487291     378 gpu_device.cc:2459] TensorFlow was not built with CUDA kernel binaries compatible with compute capability 12.0a. CUDA kernels will be jit-compiled from PTX, which could take 30 minutes or longer.
I0000 00:00:1788279177.700037     378 gpu_device.cc:2043] Created device /job:localhost/replica:0/task:0/device:GPU:0 with 5199 MB memory:  -> device: 0, name: NVIDIA GeForce RTX 5070 Laptop GPU, pci bus id: 0000:01:00.0, compute capability: 12.0a
[SWEEP] val mit_bih: 106236 beats, abn=14934, records=7
[SWEEP] val incart: 53058 beats, abn=6451, records=20
[SWEEP] val ptb: 14694 beats, abn=12291, records=112
I0000 00:00:1788279181.683378     464 service.cc:153] XLA service 0x760b38045770 initialized for platform CUDA (this does not guarantee that XLA will be used). Devices:
I0000 00:00:1788279181.683800     464 service.cc:161]   StreamExecutor [0]: NVIDIA GeForce RTX 5070 Laptop GPU, Compute Capability 12.0a (Driver: 13.2.0; Runtime: 12.9.0; Toolkit: 12.5.0; DNN: 9.24.0)
I0000 00:00:1788279181.802719     464 dump_mlir_util.cc:269] disabling MLIR crash reproducer, set env var `MLIR_CRASH_REPRODUCER_DIRECTORY` to enable.
I0000 00:00:1788279182.085385     464 cuda_dnn.cc:461] Loaded cuDNN version 92400
I0000 00:00:1788279188.995182     464 device_compiler.h:208] Compiled cluster using XLA!  This line is logged at most once for the lifetime of the process.
mit_incart: n_norm=137909 frac_gt_0.95=0.25454466 in_band_0.005=709 in_band_0.001=145
ptb: n_norm=2403 frac_gt_0.95=0.16312942 in_band_0.005=3 in_band_0.001=0
frozen mit_incart: 401 0.9807 188
PROBE_EXIT=0
