WARNING: All log messages before absl::InitializeLog() is called are written to STDERR
I0000 00:00:1788270781.705091     525 port.cc:153] oneDNN custom operations are on. You may see slightly different numerical results due to floating-point round-off errors from different computation orders. To turn them off, set the environment variable `TF_ENABLE_ONEDNN_OPTS=0`.
I0000 00:00:1788270781.742210     525 cpu_feature_guard.cc:227] This TensorFlow binary is optimized to use available CPU instructions in performance-critical operations.
To enable the following instructions: AVX2 AVX512F AVX512_VNNI AVX512_BF16 AVX_VNNI FMA, in other operations, rebuild TensorFlow with the appropriate compiler flags.
WARNING: All log messages before absl::InitializeLog() is called are written to STDERR
I0000 00:00:1788270782.640644     525 port.cc:153] oneDNN custom operations are on. You may see slightly different numerical results due to floating-point round-off errors from different computation orders. To turn them off, set the environment variable `TF_ENABLE_ONEDNN_OPTS=0`.
W0000 00:00:1788270784.808120     525 gpu_device.cc:2459] TensorFlow was not built with CUDA kernel binaries compatible with compute capability 12.0a. CUDA kernels will be jit-compiled from PTX, which could take 30 minutes or longer.
W0000 00:00:1788270784.996259     525 gpu_device.cc:2459] TensorFlow was not built with CUDA kernel binaries compatible with compute capability 12.0a. CUDA kernels will be jit-compiled from PTX, which could take 30 minutes or longer.
I0000 00:00:1788270785.170972     525 gpu_device.cc:2043] Created device /job:localhost/replica:0/task:0/device:GPU:0 with 5199 MB memory:  -> device: 0, name: NVIDIA GeForce RTX 5070 Laptop GPU, pci bus id: 0000:01:00.0, compute capability: 12.0a
[P2] loaded best_resnet_large_clean_baseline_v3.h5; layers=122; embed=fc1 in=(None, 128)
I0000 00:00:1788270787.578112     613 service.cc:153] XLA service 0x7d828c045a80 initialized for platform CUDA (this does not guarantee that XLA will be used). Devices:
I0000 00:00:1788270787.578420     613 service.cc:161]   StreamExecutor [0]: NVIDIA GeForce RTX 5070 Laptop GPU, Compute Capability 12.0a (Driver: 13.2.0; Runtime: 12.9.0; Toolkit: 12.5.0; DNN: 9.24.0)
I0000 00:00:1788270787.620549     613 dump_mlir_util.cc:269] disabling MLIR crash reproducer, set env var `MLIR_CRASH_REPRODUCER_DIRECTORY` to enable.
I0000 00:00:1788270787.847789     613 cuda_dnn.cc:461] Loaded cuDNN version 92400
I0000 00:00:1788270794.541197     613 device_compiler.h:208] Compiled cluster using XLA!  This line is logged at most once for the lifetime of the process.
[P2] selfcheck: npz MIT+INCART AUC=0.8651 diag=0.8651 match=True
[P2] val MIT+INCART: 159294 beats, 27 records
I0000 00:00:1788270806.484895    1290 subprocess_compilation.cc:348] ptxas warning : Registers are spilled to local memory in function 'input_reduce_fusion', 4 bytes spill stores, 4 bytes spill loads

I0000 00:00:1788270807.629169     614 subprocess_compilation.cc:348] ptxas warning : Registers are spilled to local memory in function 'input_reduce_fusion', 4 bytes spill stores, 4 bytes spill loads

I0000 00:00:1788270812.285799     612 subprocess_compilation.cc:348] ptxas warning : Registers are spilled to local memory in function 'input_reduce_fusion', 4 bytes spill stores, 4 bytes spill loads

[P2] emb shape=(159294, 64)

[P2] ===== domain mit_incart: records=27 embedding_AUC=0.5433 =====
  FP        n= 35112 dist_ratio=0.695 nearest_abn=0.997 prob=0.995
  TN        n= 94013 dist_ratio=0.289 nearest_abn=0.000 prob=0.027
  TP        n= 14723 dist_ratio=0.616 nearest_abn=0.842 prob=0.974
  gray_norm n=  8784 dist_ratio=0.435 nearest_abn=0.178 prob=0.786
  miss_abn  n=  6662 dist_ratio=0.218 nearest_abn=0.000 prob=0.062

[P2] saved /mnt/c/Users/cai/OneDrive/Desktop/Fe programme 25261/ecg-programme-tju-flex.electron-master/pc_tools/ecg_dl/models/deploy_match/p2_embed_separation.json (29s)
