---ECG_DATA---
cross_arch_control
incart_processed.npz
incart_processed_beats.npy
incart_processed_deploy.npz
incart_processed_deploy_beats.npy
incart_processed_deploy_causal.npz
incart_processed_deploy_causal_beats.npy
incart_processed_deploy_causal_labels.npy
incart_processed_deploy_causal_normfix.npz
incart_processed_deploy_causal_normfix_b.npz
incart_processed_deploy_causal_normfix_b_beats.npy
incart_processed_deploy_causal_normfix_b_labels.npy
incart_processed_deploy_causal_normfix_b_record_ids.npy
incart_processed_deploy_causal_normfix_beats.npy
incart_processed_deploy_causal_normfix_labels.npy
incart_processed_deploy_causal_normfix_record_ids.npy
incart_processed_deploy_causal_record_ids.npy
incart_processed_deploy_labels.npy
incart_processed_deploy_record_ids.npy
incart_processed_labels.npy
incart_processed_record_ids.npy
mit_bih_processed.npz
mit_bih_processed_beats.npy
mit_bih_processed_deploy.npz
mit_bih_processed_deploy_beats.npy
mit_bih_processed_deploy_causal.npz
mit_bih_processed_deploy_causal_beats.npy
mit_bih_processed_deploy_causal_labels.npy
mit_bih_processed_deploy_causal_normfix.npz
mit_bih_processed_deploy_causal_normfix_b.npz
---MITRAW---
afdb
incart
incartdb
mit-bih-arrhythmia-database
mitdb_test
svdb
---INCART---
ANNOTATORS
I01.atr
I01.dat
I01.hea
I02.atr
I02.dat
I02.hea
I03.atr
---WFDB---
4.3.1
