WARNING: All log messages before absl::InitializeLog() is called are written to STDERR
I0000 00:00:1788258055.924297     384 port.cc:153] oneDNN custom operations are on. You may see slightly different numerical results due to floating-point round-off errors from different computation orders. To turn them off, set the environment variable `TF_ENABLE_ONEDNN_OPTS=0`.
I0000 00:00:1788258057.007542     384 cpu_feature_guard.cc:227] This TensorFlow binary is optimized to use available CPU instructions in performance-critical operations.
To enable the following instructions: AVX2 AVX512F AVX512_VNNI AVX512_BF16 AVX_VNNI FMA, in other operations, rebuild TensorFlow with the appropriate compiler flags.
WARNING: All log messages before absl::InitializeLog() is called are written to STDERR
I0000 00:00:1788258060.238034     384 port.cc:153] oneDNN custom operations are on. You may see slightly different numerical results due to floating-point round-off errors from different computation orders. To turn them off, set the environment variable `TF_ENABLE_ONEDNN_OPTS=0`.
============================================================
BUILD: SVDB deploy_causal npz (78 records, lead 0 / MLII, no augment)
============================================================
  SVDB 800: 1883 beats (A=37) [0.2s]
  SVDB 801: 2508 beats (A=334) [0.2s]
  SVDB 802: 1670 beats (A=85) [0.1s]
  SVDB 803: 2068 beats (A=144) [0.1s]
  SVDB 804: 2832 beats (A=181) [0.1s]
  SVDB 805: 2298 beats (A=207) [0.1s]
  SVDB 806: 3021 beats (A=71) [0.1s]
  SVDB 807: 1940 beats (A=29) [0.1s]
  SVDB 808: 1774 beats (A=28) [0.1s]
  SVDB 809: 2543 beats (A=112) [0.1s]
  SVDB 810: 1902 beats (A=64) [0.1s]
  SVDB 811: 1434 beats (A=30) [0.1s]
  SVDB 812: 1842 beats (A=84) [0.1s]
  SVDB 820: 2349 beats (A=188) [0.1s]
  SVDB 821: 3130 beats (A=650) [0.1s]
  SVDB 822: 2332 beats (A=659) [0.1s]
  SVDB 823: 2859 beats (A=382) [0.1s]
  SVDB 824: 2418 beats (A=203) [0.2s]
  SVDB 825: 2796 beats (A=145) [0.1s]
  SVDB 826: 2661 beats (A=80) [0.1s]
  SVDB 827: 1861 beats (A=18) [0.1s]
  SVDB 828: 1912 beats (A=156) [0.1s]
  SVDB 829: 1966 beats (A=80) [0.1s]
  SVDB 840: 2385 beats (A=45) [0.1s]
  SVDB 841: 1851 beats (A=360) [0.1s]
  SVDB 842: 2558 beats (A=165) [0.2s]
  SVDB 843: 2705 beats (A=58) [0.2s]
  SVDB 844: 1708 beats (A=59) [0.1s]
  SVDB 845: 2885 beats (A=57) [0.1s]
  SVDB 846: 1679 beats (A=20) [0.1s]
  SVDB 847: 1760 beats (A=95) [0.1s]
  SVDB 848: 4257 beats (A=31) [0.2s]
  SVDB 849: 2139 beats (A=80) [0.1s]
  SVDB 850: 1836 beats (A=7) [0.1s]
  SVDB 851: 2627 beats (A=459) [0.1s]
  SVDB 852: 2662 beats (A=330) [0.1s]
  SVDB 853: 2218 beats (A=112) [0.1s]
  SVDB 854: 2728 beats (A=938) [0.1s]
  SVDB 855: 2537 beats (A=503) [0.1s]
  SVDB 856: 2850 beats (A=40) [0.1s]
  SVDB 857: 2582 beats (A=182) [0.2s]
  SVDB 858: 2179 beats (A=11) [0.1s]
  SVDB 859: 3540 beats (A=533) [0.1s]
  SVDB 860: 2417 beats (A=744) [0.1s]
  SVDB 861: 2471 beats (A=596) [0.2s]
  SVDB 862: 2182 beats (A=49) [0.1s]
  SVDB 863: 3121 beats (A=561) [0.2s]
  SVDB 864: 1894 beats (A=151) [0.2s]
  SVDB 865: 3154 beats (A=2053) [0.1s]
  SVDB 866: 2665 beats (A=614) [0.1s]
  SVDB 867: 2999 beats (A=211) [0.2s]
  SVDB 868: 3334 beats (A=782) [0.1s]
  SVDB 869: 2160 beats (A=654) [0.1s]
  SVDB 870: 2677 beats (A=891) [0.2s]
  SVDB 871: 1795 beats (A=20) [0.1s]
  SVDB 872: 1979 beats (A=83) [0.1s]
  SVDB 873: 1683 beats (A=58) [0.1s]
  SVDB 874: 2238 beats (A=50) [0.1s]
  SVDB 875: 2050 beats (A=106) [0.1s]
  SVDB 876: 2141 beats (A=135) [0.1s]
  SVDB 877: 2036 beats (A=197) [0.1s]
  SVDB 878: 1909 beats (A=320) [0.1s]
  SVDB 879: 2061 beats (A=590) [0.1s]
  SVDB 880: 3485 beats (A=382) [0.1s]
  SVDB 881: 2258 beats (A=935) [0.2s]
  SVDB 882: 1934 beats (A=46) [0.1s]
  SVDB 883: 1819 beats (A=47) [0.1s]
  SVDB 884: 2880 beats (A=396) [0.1s]
  SVDB 885: 1959 beats (A=453) [0.1s]
  SVDB 886: 2221 beats (A=53) [0.2s]
  SVDB 887: 2688 beats (A=335) [0.1s]
  SVDB 888: 2312 beats (A=122) [0.2s]
  SVDB 889: 1708 beats (A=243) [0.1s]
  SVDB 890: 2173 beats (A=171) [0.1s]
  SVDB 891: 2604 beats (A=484) [0.2s]
  SVDB 892: 2842 beats (A=1100) [0.2s]
  SVDB 893: 2527 beats (A=339) [0.1s]
  SVDB 894: 2346 beats (A=133) [0.1s]
  total: 184407 beats (N=162251, A=22156), 78 records
============================================================
VERIFICATION (vs legacy svdb_processed.npz)
============================================================
  record_id 区间: 800-894 (与 MIT/INCART/PTB 无碰撞)
  注释真值对照: 78 记录, 通过, 严格跳边丢拍合计=96
  (legacy npz 陈旧审计: 64/78 记录拍数与注释真值不符)

  VERIFICATION PASSED

Saved: /home/devcontainers/ecg_data/svdb_processed_deploy_causal.npz (163.1 MB) + 3 .npy
DONE: wall time = 22s (0.4 min)
EXIT=0
