WARNING: All log messages before absl::InitializeLog() is called are written to STDERR
I0000 00:00:1789306731.533210     371 port.cc:153] oneDNN custom operations are on. You may see slightly different numerical results due to floating-point round-off errors from different computation orders. To turn them off, set the environment variable `TF_ENABLE_ONEDNN_OPTS=0`.
I0000 00:00:1789306732.578952     371 cpu_feature_guard.cc:227] This TensorFlow binary is optimized to use available CPU instructions in performance-critical operations.
To enable the following instructions: AVX2 AVX512F AVX512_VNNI AVX512_BF16 AVX_VNNI FMA, in other operations, rebuild TensorFlow with the appropriate compiler flags.
WARNING: All log messages before absl::InitializeLog() is called are written to STDERR
I0000 00:00:1789306735.317680     371 port.cc:153] oneDNN custom operations are on. You may see slightly different numerical results due to floating-point round-off errors from different computation orders. To turn them off, set the environment variable `TF_ENABLE_ONEDNN_OPTS=0`.
W0000 00:00:1789306739.792227     371 gpu_device.cc:2459] TensorFlow was not built with CUDA kernel binaries compatible with compute capability 12.0a. CUDA kernels will be jit-compiled from PTX, which could take 30 minutes or longer.
[V3N] GPU: [PhysicalDevice(name='/physical_device:GPU:0', device_type='GPU')]
[V3N] main gold: 4800 (abn=2500, norm=2300)
[V3N] pure-noise negatives: 1200 ({'emg': 240, 'motion': 600, 'baseline_wander': 60, 'mains': 240, 'respiratory': 60})
[V3N] train total=7142 abn=2500 norm=4642 (纯噪声负例 1200)
[V3N] val total=4040 (干净)
W0000 00:00:1789306743.703744     371 gpu_device.cc:2459] TensorFlow was not built with CUDA kernel binaries compatible with compute capability 12.0a. CUDA kernels will be jit-compiled from PTX, which could take 30 minutes or longer.
I0000 00:00:1789306743.943096     371 gpu_device.cc:2043] Created device /job:localhost/replica:0/task:0/device:GPU:0 with 5198 MB memory:  -> device: 0, name: NVIDIA GeForce RTX 5070 Laptop GPU, pci bus id: 0000:01:00.0, compute capability: 12.0a
[V3N] params=62,834 (随机初始化, dropout=0.4)
Epoch 1/80
I0000 00:00:1789306753.250928     460 service.cc:153] XLA service 0x79181007f030 initialized for platform CUDA (this does not guarantee that XLA will be used). Devices:
I0000 00:00:1789306753.251362     460 service.cc:161]   StreamExecutor [0]: NVIDIA GeForce RTX 5070 Laptop GPU, Compute Capability 12.0a (Driver: 13.2.0; Runtime: 12.9.0; Toolkit: 12.5.0; DNN: 9.24.0)
I0000 00:00:1789306753.485854     460 dump_mlir_util.cc:269] disabling MLIR crash reproducer, set env var `MLIR_CRASH_REPRODUCER_DIRECTORY` to enable.
I0000 00:00:1789306754.799206     460 cuda_dnn.cc:461] Loaded cuDNN version 92400
I0000 00:00:1789306755.023228     460 dot_merger.cc:481] Merging Dots in computation: a_inference_one_step_on_data_20969__.182
I0000 00:00:1789306755.244304     460 dot_search_space.cc:240] All configs were filtered out because none of them sufficiently match the hints. Maybe the hints set does not contain a good representative set of valid configs? Working around this by using the full hints set instead.
I0000 00:00:1789306755.823840     533 subprocess_compilation.cc:348] ptxas warning : Registers are spilled to local memory in function 'gemm_fusion_MatMul_124', 16 bytes spill stores, 16 bytes spill loads

I0000 00:00:1789306757.122268     460 dot_search_space.cc:240] All configs were filtered out because none of them sufficiently match the hints. Maybe the hints set does not contain a good representative set of valid configs? Working around this by using the full hints set instead.
I0000 00:00:1789306760.540379     524 subprocess_compilation.cc:348] ptxas warning : Registers are spilled to local memory in function 'gemm_fusion_MatMul_1_44', 28 bytes spill stores, 20 bytes spill loads

I0000 00:00:1789306760.888179     539 subprocess_compilation.cc:348] ptxas warning : Registers are spilled to local memory in function 'gemm_fusion_MatMul_1_46', 24 bytes spill stores, 16 bytes spill loads

I0000 00:00:1789306764.735840     531 subprocess_compilation.cc:348] ptxas warning : Registers are spilled to local memory in function 'input_reduce_select_fusion_2', 8 bytes spill stores, 8 bytes spill loads

I0000 00:00:1789306766.393661     531 subprocess_compilation.cc:348] ptxas warning : Registers are spilled to local memory in function 'input_reduce_select_fusion_1', 4 bytes spill stores, 4 bytes spill loads

I0000 00:00:1789306766.779694     531 subprocess_compilation.cc:348] ptxas warning : Registers are spilled to local memory in function 'input_reduce_select_fusion_3', 8 bytes spill stores, 8 bytes spill loads

I0000 00:00:1789306772.584121     460 subprocess_compilation.cc:348] ptxas warning : Registers are spilled to local memory in function 'input_reduce_select_fusion_2', 8 bytes spill stores, 8 bytes spill loads

I0000 00:00:1789306772.688931     460 device_compiler.h:208] Compiled cluster using XLA!  This line is logged at most once for the lifetime of the process.
I0000 00:00:1789306776.634686     456 dot_merger.cc:481] Merging Dots in computation: a_inference_one_step_on_data_20969__.182
I0000 00:00:1789306780.234719    1384 subprocess_compilation.cc:348] ptxas warning : Registers are spilled to local memory in function 'gemm_fusion_MatMul_122', 4 bytes spill stores, 4 bytes spill loads

I0000 00:00:1789306797.041228    2189 subprocess_compilation.cc:348] ptxas warning : Registers are spilled to local memory in function 'gemm_fusion_MatMul_76', 4 bytes spill stores, 4 bytes spill loads

WARNING:absl:You are saving your model as an HDF5 file via `model.save()` or `keras.saving.save_model(model)`. This file format is considered legacy. We recommend using instead the native Keras format, e.g. `model.save('my_model.keras')` or `keras.saving.save_model(model, 'my_model.keras')`. 
  * saved best val_auc=0.4055 (epoch 1)
224/224 - 67s - 298ms/step - accuracy: 0.7873 - loss: 0.4507 - val_accuracy: 0.4609 - val_loss: 0.7048 - val_auc: 0.4055
Epoch 2/80
WARNING:absl:You are saving your model as an HDF5 file via `model.save()` or `keras.saving.save_model(model)`. This file format is considered legacy. We recommend using instead the native Keras format, e.g. `model.save('my_model.keras')` or `keras.saving.save_model(model, 'my_model.keras')`. 
  * saved best val_auc=0.6323 (epoch 2)
224/224 - 4s - 19ms/step - accuracy: 0.8883 - loss: 0.2752 - val_accuracy: 0.5631 - val_loss: 0.7537 - val_auc: 0.6323
Epoch 3/80
WARNING:absl:You are saving your model as an HDF5 file via `model.save()` or `keras.saving.save_model(model)`. This file format is considered legacy. We recommend using instead the native Keras format, e.g. `model.save('my_model.keras')` or `keras.saving.save_model(model, 'my_model.keras')`. 
  * saved best val_auc=0.7081 (epoch 3)
224/224 - 4s - 18ms/step - accuracy: 0.9125 - loss: 0.2182 - val_accuracy: 0.6097 - val_loss: 0.8302 - val_auc: 0.7081
Epoch 4/80
224/224 - 2s - 7ms/step - accuracy: 0.9301 - loss: 0.1753 - val_accuracy: 0.6468 - val_loss: 0.8710 - val_auc: 0.7038
Epoch 5/80
224/224 - 3s - 13ms/step - accuracy: 0.9460 - loss: 0.1441 - val_accuracy: 0.6720 - val_loss: 0.9999 - val_auc: 0.6905
Epoch 6/80
224/224 - 3s - 15ms/step - accuracy: 0.9556 - loss: 0.1189 - val_accuracy: 0.6512 - val_loss: 1.1926 - val_auc: 0.6861
Epoch 7/80
224/224 - 4s - 16ms/step - accuracy: 0.9686 - loss: 0.0943 - val_accuracy: 0.6448 - val_loss: 1.2953 - val_auc: 0.6899
Epoch 8/80
224/224 - 4s - 17ms/step - accuracy: 0.9730 - loss: 0.0764 - val_accuracy: 0.6819 - val_loss: 1.5633 - val_auc: 0.6817
Epoch 9/80
224/224 - 4s - 17ms/step - accuracy: 0.9766 - loss: 0.0687 - val_accuracy: 0.6861 - val_loss: 1.5024 - val_auc: 0.7005
Epoch 10/80
224/224 - 4s - 16ms/step - accuracy: 0.9801 - loss: 0.0604 - val_accuracy: 0.6540 - val_loss: 1.6698 - val_auc: 0.6887
Epoch 11/80
WARNING:absl:You are saving your model as an HDF5 file via `model.save()` or `keras.saving.save_model(model)`. This file format is considered legacy. We recommend using instead the native Keras format, e.g. `model.save('my_model.keras')` or `keras.saving.save_model(model, 'my_model.keras')`. 
  * saved best val_auc=0.7090 (epoch 11)
224/224 - 4s - 19ms/step - accuracy: 0.9828 - loss: 0.0509 - val_accuracy: 0.6267 - val_loss: 1.6098 - val_auc: 0.7090
Epoch 12/80
224/224 - 3s - 15ms/step - accuracy: 0.9874 - loss: 0.0375 - val_accuracy: 0.6272 - val_loss: 1.9126 - val_auc: 0.6585
Epoch 13/80
224/224 - 2s - 10ms/step - accuracy: 0.9881 - loss: 0.0361 - val_accuracy: 0.6304 - val_loss: 1.9369 - val_auc: 0.6962
Epoch 14/80
224/224 - 3s - 15ms/step - accuracy: 0.9877 - loss: 0.0358 - val_accuracy: 0.6478 - val_loss: 1.7895 - val_auc: 0.7015
Epoch 15/80
224/224 - 3s - 16ms/step - accuracy: 0.9912 - loss: 0.0292 - val_accuracy: 0.6356 - val_loss: 2.0093 - val_auc: 0.6878
Epoch 16/80
224/224 - 4s - 17ms/step - accuracy: 0.9901 - loss: 0.0267 - val_accuracy: 0.6621 - val_loss: 2.3814 - val_auc: 0.6578
Epoch 17/80
224/224 - 3s - 16ms/step - accuracy: 0.9927 - loss: 0.0231 - val_accuracy: 0.6446 - val_loss: 2.3008 - val_auc: 0.6816
Epoch 18/80
224/224 - 4s - 17ms/step - accuracy: 0.9917 - loss: 0.0236 - val_accuracy: 0.6351 - val_loss: 2.2507 - val_auc: 0.6928
Epoch 19/80
224/224 - 4s - 16ms/step - accuracy: 0.9952 - loss: 0.0133 - val_accuracy: 0.6668 - val_loss: 2.2876 - val_auc: 0.6961
Epoch 20/80
224/224 - 3s - 15ms/step - accuracy: 0.9913 - loss: 0.0243 - val_accuracy: 0.6720 - val_loss: 2.6558 - val_auc: 0.6780
Epoch 21/80
224/224 - 3s - 15ms/step - accuracy: 0.9952 - loss: 0.0146 - val_accuracy: 0.6267 - val_loss: 2.4775 - val_auc: 0.6970
Epoch 22/80
224/224 - 2s - 9ms/step - accuracy: 0.9957 - loss: 0.0130 - val_accuracy: 0.6295 - val_loss: 2.4693 - val_auc: 0.6866
Epoch 23/80
224/224 - 3s - 14ms/step - accuracy: 0.9961 - loss: 0.0118 - val_accuracy: 0.6191 - val_loss: 2.7466 - val_auc: 0.6753
Epoch 24/80
224/224 - 3s - 15ms/step - accuracy: 0.9934 - loss: 0.0173 - val_accuracy: 0.6584 - val_loss: 2.6397 - val_auc: 0.6758
Epoch 25/80
WARNING:absl:You are saving your model as an HDF5 file via `model.save()` or `keras.saving.save_model(model)`. This file format is considered legacy. We recommend using instead the native Keras format, e.g. `model.save('my_model.keras')` or `keras.saving.save_model(model, 'my_model.keras')`. 
  * saved best val_auc=0.7232 (epoch 25)
224/224 - 4s - 18ms/step - accuracy: 0.9952 - loss: 0.0167 - val_accuracy: 0.6399 - val_loss: 2.4300 - val_auc: 0.7232
Epoch 26/80
224/224 - 3s - 15ms/step - accuracy: 0.9987 - loss: 0.0066 - val_accuracy: 0.6532 - val_loss: 2.6596 - val_auc: 0.7089
Epoch 27/80
WARNING:absl:You are saving your model as an HDF5 file via `model.save()` or `keras.saving.save_model(model)`. This file format is considered legacy. We recommend using instead the native Keras format, e.g. `model.save('my_model.keras')` or `keras.saving.save_model(model, 'my_model.keras')`. 
  * saved best val_auc=0.7266 (epoch 27)
224/224 - 4s - 18ms/step - accuracy: 0.9968 - loss: 0.0099 - val_accuracy: 0.6314 - val_loss: 2.5373 - val_auc: 0.7266
Epoch 28/80
224/224 - 4s - 16ms/step - accuracy: 0.9964 - loss: 0.0117 - val_accuracy: 0.6522 - val_loss: 2.8252 - val_auc: 0.6862
Epoch 29/80
224/224 - 4s - 16ms/step - accuracy: 0.9961 - loss: 0.0106 - val_accuracy: 0.6267 - val_loss: 3.0554 - val_auc: 0.6801
Epoch 30/80
224/224 - 4s - 16ms/step - accuracy: 0.9973 - loss: 0.0091 - val_accuracy: 0.6510 - val_loss: 2.7401 - val_auc: 0.6959
Epoch 31/80
224/224 - 2s - 9ms/step - accuracy: 0.9994 - loss: 0.0024 - val_accuracy: 0.6634 - val_loss: 2.7745 - val_auc: 0.7102
Epoch 32/80
224/224 - 3s - 15ms/step - accuracy: 0.9997 - loss: 0.0014 - val_accuracy: 0.6545 - val_loss: 2.9367 - val_auc: 0.7064
Epoch 33/80
WARNING:absl:You are saving your model as an HDF5 file via `model.save()` or `keras.saving.save_model(model)`. This file format is considered legacy. We recommend using instead the native Keras format, e.g. `model.save('my_model.keras')` or `keras.saving.save_model(model, 'my_model.keras')`. 
  * saved best val_auc=0.7292 (epoch 33)
224/224 - 4s - 18ms/step - accuracy: 0.9968 - loss: 0.0092 - val_accuracy: 0.6676 - val_loss: 2.5459 - val_auc: 0.7292
Epoch 34/80
224/224 - 4s - 20ms/step - accuracy: 0.9976 - loss: 0.0073 - val_accuracy: 0.6319 - val_loss: 3.0476 - val_auc: 0.7093
Epoch 35/80
224/224 - 4s - 17ms/step - accuracy: 0.9994 - loss: 0.0029 - val_accuracy: 0.6550 - val_loss: 3.1011 - val_auc: 0.6989
Epoch 36/80
224/224 - 4s - 17ms/step - accuracy: 0.9986 - loss: 0.0041 - val_accuracy: 0.6582 - val_loss: 3.3479 - val_auc: 0.6931
Epoch 37/80
224/224 - 4s - 17ms/step - accuracy: 0.9980 - loss: 0.0067 - val_accuracy: 0.6374 - val_loss: 3.0001 - val_auc: 0.6938
Epoch 38/80
224/224 - 4s - 16ms/step - accuracy: 0.9982 - loss: 0.0055 - val_accuracy: 0.6228 - val_loss: 2.9204 - val_auc: 0.7002
Epoch 39/80
224/224 - 4s - 17ms/step - accuracy: 0.9993 - loss: 0.0017 - val_accuracy: 0.6926 - val_loss: 3.1582 - val_auc: 0.7019
Epoch 40/80
224/224 - 2s - 8ms/step - accuracy: 0.9990 - loss: 0.0024 - val_accuracy: 0.6616 - val_loss: 3.1710 - val_auc: 0.6994
Epoch 41/80
224/224 - 3s - 15ms/step - accuracy: 0.9982 - loss: 0.0054 - val_accuracy: 0.6401 - val_loss: 3.3578 - val_auc: 0.6965
Epoch 42/80
224/224 - 3s - 15ms/step - accuracy: 0.9985 - loss: 0.0045 - val_accuracy: 0.6248 - val_loss: 3.1814 - val_auc: 0.6961
Epoch 43/80
224/224 - 4s - 16ms/step - accuracy: 0.9982 - loss: 0.0058 - val_accuracy: 0.6478 - val_loss: 3.1782 - val_auc: 0.7030
Epoch 44/80
224/224 - 4s - 17ms/step - accuracy: 0.9992 - loss: 0.0042 - val_accuracy: 0.6584 - val_loss: 3.0065 - val_auc: 0.7202
Epoch 45/80
224/224 - 3s - 16ms/step - accuracy: 0.9986 - loss: 0.0036 - val_accuracy: 0.6421 - val_loss: 3.3509 - val_auc: 0.6850
Epoch 46/80
224/224 - 3s - 15ms/step - accuracy: 0.9996 - loss: 0.0017 - val_accuracy: 0.6547 - val_loss: 3.2614 - val_auc: 0.6964
Epoch 47/80
224/224 - 5s - 22ms/step - accuracy: 0.9999 - loss: 8.9908e-04 - val_accuracy: 0.6552 - val_loss: 3.2093 - val_auc: 0.7075
Epoch 48/80
224/224 - 3s - 15ms/step - accuracy: 1.0000 - loss: 2.1042e-04 - val_accuracy: 0.6564 - val_loss: 3.2440 - val_auc: 0.7087
Epoch 49/80
224/224 - 2s - 8ms/step - accuracy: 1.0000 - loss: 1.7846e-04 - val_accuracy: 0.6562 - val_loss: 3.2915 - val_auc: 0.7082
Epoch 50/80
224/224 - 3s - 15ms/step - accuracy: 1.0000 - loss: 1.3710e-04 - val_accuracy: 0.6562 - val_loss: 3.3377 - val_auc: 0.7075
Epoch 51/80
224/224 - 3s - 16ms/step - accuracy: 1.0000 - loss: 1.3729e-04 - val_accuracy: 0.6559 - val_loss: 3.3772 - val_auc: 0.7075
Epoch 52/80
224/224 - 3s - 15ms/step - accuracy: 1.0000 - loss: 1.3794e-04 - val_accuracy: 0.6562 - val_loss: 3.4144 - val_auc: 0.7076
Epoch 53/80
224/224 - 6s - 25ms/step - accuracy: 1.0000 - loss: 1.0243e-04 - val_accuracy: 0.6577 - val_loss: 3.4479 - val_auc: 0.7072
Epoch 53: early stopping
Restoring model weights from the end of the best epoch: 33.
[V3N] training done in 255s
[V3N] BEST: val AUC=0.7292; real holdout mean=0.0044 frac>0.5=0.0000
[V3N] report -> /mnt/c/Users/cai/OneDrive/Desktop/Fe programme 25261/ecg-programme-tju-flex.electron-master/pc_tools/ecg_dl/models/deploy_match/train_v3n_purenoise.json
