WARNING: All log messages before absl::InitializeLog() is called are written to STDERR
I0000 00:00:1788252014.323230     409 port.cc:153] oneDNN custom operations are on. You may see slightly different numerical results due to floating-point round-off errors from different computation orders. To turn them off, set the environment variable `TF_ENABLE_ONEDNN_OPTS=0`.
I0000 00:00:1788252015.442579     409 cpu_feature_guard.cc:227] This TensorFlow binary is optimized to use available CPU instructions in performance-critical operations.
To enable the following instructions: AVX2 AVX512F AVX512_VNNI AVX512_BF16 AVX_VNNI FMA, in other operations, rebuild TensorFlow with the appropriate compiler flags.
WARNING: All log messages before absl::InitializeLog() is called are written to STDERR
I0000 00:00:1788252018.684866     409 port.cc:153] oneDNN custom operations are on. You may see slightly different numerical results due to floating-point round-off errors from different computation orders. To turn them off, set the environment variable `TF_ENABLE_ONEDNN_OPTS=0`.
W0000 00:00:1788252022.092857     409 gpu_device.cc:2459] TensorFlow was not built with CUDA kernel binaries compatible with compute capability 12.0a. CUDA kernels will be jit-compiled from PTX, which could take 30 minutes or longer.
W0000 00:00:1788252022.238359     409 gpu_device.cc:2459] TensorFlow was not built with CUDA kernel binaries compatible with compute capability 12.0a. CUDA kernels will be jit-compiled from PTX, which could take 30 minutes or longer.
I0000 00:00:1788252022.499624     409 gpu_device.cc:2043] Created device /job:localhost/replica:0/task:0/device:GPU:0 with 5199 MB memory:  -> device: 0, name: NVIDIA GeForce RTX 5070 Laptop GPU, pci bus id: 0000:01:00.0, compute capability: 12.0a
I0000 00:00:1788252026.416158     497 service.cc:153] XLA service 0x77e7940454b0 initialized for platform CUDA (this does not guarantee that XLA will be used). Devices:
I0000 00:00:1788252026.416212     497 service.cc:161]   StreamExecutor [0]: NVIDIA GeForce RTX 5070 Laptop GPU, Compute Capability 12.0a (Driver: 13.2.0; Runtime: 12.9.0; Toolkit: 12.5.0; DNN: 9.24.0)
I0000 00:00:1788252026.476224     497 dump_mlir_util.cc:269] disabling MLIR crash reproducer, set env var `MLIR_CRASH_REPRODUCER_DIRECTORY` to enable.
I0000 00:00:1788252026.751310     497 cuda_dnn.cc:461] Loaded cuDNN version 92400
I0000 00:00:1788252035.241383     497 device_compiler.h:208] Compiled cluster using XLA!  This line is logged at most once for the lifetime of the process.
[ACC] PASS mit_incart_auc: 0.8650327776042189 (>=0.848)
[ACC] FAIL mit_incart_beat_f1: 0.3934321441412648 (>=0.4)
[ACC] FAIL mit_incart_fp_per_record: 2.4348 (<=1.5)
[ACC] PASS mit_incart_event_f1: 0.7482 (>=0.64)
[ACC] FAIL mit_incart_beat_sensitivity: 0.8736692689850958 (>=0.9)
[ACC] PASS ptb_auc: 0.7662708600197183 (>=0.7)
[ACC] PASS ptb_event_f1: 0.8812 (>=0.75)
[ACC] PASS collapse_detector: 142 (>=3)
[ACC] PASS real_afe_holdout: {'mean_prob': 0.008827914483845234, 'frac_gt_0.5': 0.0} (mean<0.10 且 frac=0)
[ACC] FAIL train_best_val_auc: 0.7935439950980392 (>=0.8)
[ACC] overall=FAIL failed=['mit_incart_beat_f1', 'mit_incart_fp_per_record', 'mit_incart_beat_sensitivity', 'train_best_val_auc'] (26s)
