WARNING: All log messages before absl::InitializeLog() is called are written to STDERR
I0000 00:00:1788254567.608736    1445 port.cc:153] oneDNN custom operations are on. You may see slightly different numerical results due to floating-point round-off errors from different computation orders. To turn them off, set the environment variable `TF_ENABLE_ONEDNN_OPTS=0`.
I0000 00:00:1788254567.666358    1445 cpu_feature_guard.cc:227] This TensorFlow binary is optimized to use available CPU instructions in performance-critical operations.
To enable the following instructions: AVX2 AVX512F AVX512_VNNI AVX512_BF16 AVX_VNNI FMA, in other operations, rebuild TensorFlow with the appropriate compiler flags.
WARNING: All log messages before absl::InitializeLog() is called are written to STDERR
I0000 00:00:1788254568.906962    1445 port.cc:153] oneDNN custom operations are on. You may see slightly different numerical results due to floating-point round-off errors from different computation orders. To turn them off, set the environment variable `TF_ENABLE_ONEDNN_OPTS=0`.
W0000 00:00:1788254569.953574    1445 gpu_device.cc:2459] TensorFlow was not built with CUDA kernel binaries compatible with compute capability 12.0a. CUDA kernels will be jit-compiled from PTX, which could take 30 minutes or longer.
W0000 00:00:1788254570.020003    1445 gpu_device.cc:2459] TensorFlow was not built with CUDA kernel binaries compatible with compute capability 12.0a. CUDA kernels will be jit-compiled from PTX, which could take 30 minutes or longer.
I0000 00:00:1788254570.161905    1445 gpu_device.cc:2043] Created device /job:localhost/replica:0/task:0/device:GPU:0 with 5199 MB memory:  -> device: 0, name: NVIDIA GeForce RTX 5070 Laptop GPU, pci bus id: 0000:01:00.0, compute capability: 12.0a
I0000 00:00:1788254572.099431    1532 service.cc:153] XLA service 0x7686cc045340 initialized for platform CUDA (this does not guarantee that XLA will be used). Devices:
I0000 00:00:1788254572.099474    1532 service.cc:161]   StreamExecutor [0]: NVIDIA GeForce RTX 5070 Laptop GPU, Compute Capability 12.0a (Driver: 13.2.0; Runtime: 12.9.0; Toolkit: 12.5.0; DNN: 9.24.0)
I0000 00:00:1788254572.113406    1532 dump_mlir_util.cc:269] disabling MLIR crash reproducer, set env var `MLIR_CRASH_REPRODUCER_DIRECTORY` to enable.
I0000 00:00:1788254572.289132    1532 cuda_dnn.cc:461] Loaded cuDNN version 92400
I0000 00:00:1788254578.691431    1532 device_compiler.h:208] Compiled cluster using XLA!  This line is logged at most once for the lifetime of the process.
[ACC4] PASS mit_incart_auc: 0.8644286565504573 (>=0.848)
[ACC4] FAIL mit_incart_beat_f1: 0.3658411488862837 (>=0.4)
[ACC4] FAIL mit_incart_fp_per_record: 2.5652 (<=1.5)
[ACC4] PASS mit_incart_event_f1: 0.6456 (>=0.64)
[ACC4] FAIL mit_incart_beat_sensitivity: 0.8859119943222143 (>=0.9)
[ACC4] PASS ptb_auc: 0.7523103324279992 (>=0.7)
[ACC4] PASS ptb_event_f1: 0.8777 (>=0.75)
[ACC4] PASS collapse_detector: 113 (>=3)
[ACC4] FAIL real_afe_holdout: {'mean_prob': 0.039513979107141495, 'frac_gt_0.5': 0.025} (mean<0.10 且 frac=0)
[ACC4] FAIL train_best_val_auc: 0.7588740196078432 (>=0.8)
[ACC4] overall=FAIL failed=['mit_incart_beat_f1', 'mit_incart_fp_per_record', 'mit_incart_beat_sensitivity', 'real_afe_holdout', 'train_best_val_auc'] (23s)
