WARNING: All log messages before absl::InitializeLog() is called are written to STDERR
I0000 00:00:1788269828.370324     374 port.cc:153] oneDNN custom operations are on. You may see slightly different numerical results due to floating-point round-off errors from different computation orders. To turn them off, set the environment variable `TF_ENABLE_ONEDNN_OPTS=0`.
I0000 00:00:1788269829.252710     374 cpu_feature_guard.cc:227] This TensorFlow binary is optimized to use available CPU instructions in performance-critical operations.
To enable the following instructions: AVX2 AVX512F AVX512_VNNI AVX512_BF16 AVX_VNNI FMA, in other operations, rebuild TensorFlow with the appropriate compiler flags.
WARNING: All log messages before absl::InitializeLog() is called are written to STDERR
I0000 00:00:1788269831.823568     374 port.cc:153] oneDNN custom operations are on. You may see slightly different numerical results due to floating-point round-off errors from different computation orders. To turn them off, set the environment variable `TF_ENABLE_ONEDNN_OPTS=0`.
[build_normfix_arrays] spec=normfix_spec_v1_b v1 option=B
[build_normfix_arrays] PROCESSED_DIR=/home/devcontainers/ecg_data
============================================================
BUILD: mit_bih normfix arrays
============================================================
  mit_bih 100: raw=2273 out=13638 [0.5s]
  mit_bih 101: raw=1863 out=11178 [0.2s]
  mit_bih 102: raw=2187 out=13122 [0.2s]
  mit_bih 103: raw=2084 out=12504 [0.2s]
  mit_bih 104: raw=2211 out=13266 [0.2s]
  mit_bih 105: raw=2567 out=15402 [0.2s]
  mit_bih 106: raw=2027 out=12162 [0.2s]
  mit_bih 107: raw=2137 out=12822 [0.2s]
  mit_bih 108: raw=1763 out=10578 [0.2s]
  mit_bih 109: raw=2532 out=15192 [0.2s]
  mit_bih 111: raw=2124 out=12744 [0.2s]
  mit_bih 112: raw=2539 out=15234 [0.2s]
  mit_bih 113: raw=1795 out=10770 [0.2s]
  mit_bih 114: raw=1879 out=11274 [0.2s]
  mit_bih 115: raw=1953 out=11718 [0.2s]
  mit_bih 116: raw=2412 out=14472 [0.2s]
  mit_bih 117: raw=1535 out=9210 [0.2s]
  mit_bih 118: raw=2278 out=13668 [0.2s]
  mit_bih 119: raw=1987 out=11922 [0.2s]
  mit_bih 121: raw=1863 out=11178 [0.2s]
  mit_bih 122: raw=2476 out=14856 [0.2s]
  mit_bih 123: raw=1518 out=9108 [0.2s]
  mit_bih 124: raw=1619 out=9714 [0.2s]
  mit_bih 200: raw=2601 out=15606 [0.2s]
  mit_bih 201: raw=1963 out=11778 [0.3s]
  mit_bih 202: raw=2136 out=12816 [0.2s]
  mit_bih 203: raw=2976 out=17856 [0.3s]
  mit_bih 205: raw=2656 out=15936 [0.2s]
  mit_bih 207: raw=2227 out=13362 [0.2s]
  mit_bih 208: raw=2953 out=17718 [0.2s]
  mit_bih 209: raw=3005 out=18030 [0.2s]
  mit_bih 210: raw=2649 out=15894 [0.2s]
  mit_bih 212: raw=2748 out=16488 [0.2s]
  mit_bih 213: raw=3251 out=19506 [0.2s]
  mit_bih 214: raw=2260 out=13560 [0.2s]
  mit_bih 215: raw=3363 out=20178 [0.2s]
  mit_bih 217: raw=2208 out=13248 [0.2s]
  mit_bih 219: raw=2154 out=12924 [0.2s]
  mit_bih 220: raw=2048 out=12288 [0.2s]
  mit_bih 221: raw=2427 out=14562 [0.2s]
  mit_bih 222: raw=2483 out=14898 [0.2s]
  mit_bih 223: raw=2605 out=15630 [0.2s]
  mit_bih 228: raw=2053 out=12318 [0.2s]
  mit_bih 230: raw=2256 out=13536 [0.2s]
  mit_bih 231: raw=1571 out=9426 [0.2s]
  mit_bih 232: raw=1780 out=10680 [0.2s]
  mit_bih 233: raw=3079 out=18474 [0.2s]
  mit_bih 234: raw=2753 out=16518 [0.2s]
  mit_bih: 链忠实度逐位比对 48/48 记录通过
  mit_bih: total new=658962 old=658962
============================================================
BUILD: incart normfix arrays
============================================================
  incart I01: raw=2756 out=2756 [1.3s]
  incart I02: raw=2673 out=2673 [0.5s]
  incart I03: raw=2451 out=2451 [0.4s]
  incart I04: raw=2422 out=2422 [0.5s]
  incart I05: raw=1775 out=1775 [0.5s]
  incart I06: raw=2492 out=2492 [0.4s]
  incart I07: raw=2704 out=2704 [0.6s]
  incart I08: raw=2129 out=2129 [0.5s]
  incart I09: raw=2988 out=2988 [0.4s]
  incart I10: raw=3680 out=3680 [0.5s]
  incart I11: raw=2081 out=2081 [0.4s]
  incart I12: raw=2808 out=2808 [0.9s]
  incart I13: raw=2023 out=2023 [0.4s]
  incart I14: raw=1864 out=1864 [0.4s]
  incart I15: raw=2633 out=2633 [0.5s]
  incart I16: raw=1522 out=1522 [0.4s]
  incart I17: raw=1672 out=1672 [0.3s]
  incart I18: raw=3083 out=3083 [0.4s]
  incart I19: raw=2062 out=2062 [0.4s]
  incart I20: raw=2650 out=2650 [0.6s]
  incart I21: raw=2183 out=2183 [0.5s]
  incart I22: raw=3126 out=3126 [0.4s]
  incart I23: raw=2204 out=2204 [0.4s]
  incart I24: raw=2569 out=2569 [0.4s]
  incart I25: raw=1711 out=1711 [0.3s]
  incart I26: raw=1509 out=1509 [0.3s]
  incart I27: raw=2604 out=2604 [0.3s]
  incart I28: raw=1716 out=1716 [0.3s]
  incart I29: raw=2618 out=2618 [0.4s]
  incart I30: raw=2460 out=2460 [0.4s]
  incart I31: raw=3208 out=3208 [0.4s]
  incart I32: raw=1618 out=1618 [0.3s]
  incart I33: raw=1835 out=1835 [0.3s]
  incart I34: raw=1964 out=1964 [0.3s]
  incart I35: raw=3674 out=3674 [0.4s]
  incart I36: raw=3908 out=3908 [0.4s]
  incart I37: raw=2461 out=2461 [0.3s]
  incart I38: raw=2697 out=2697 [0.3s]
  incart I39: raw=1774 out=1774 [0.3s]
  incart I40: raw=2666 out=2666 [0.4s]
  incart I41: raw=1630 out=1630 [0.3s]
  incart I42: raw=3107 out=3107 [0.4s]
  incart I43: raw=2208 out=2208 [0.4s]
  incart I44: raw=2494 out=2494 [0.3s]
  incart I45: raw=1926 out=1926 [0.3s]
  incart I46: raw=2657 out=2657 [0.4s]
  incart I47: raw=1951 out=1951 [0.3s]
  incart I48: raw=2356 out=2356 [0.4s]
  incart I49: raw=2146 out=2146 [0.4s]
  incart I50: raw=2997 out=2997 [0.4s]
  incart I51: raw=2775 out=2775 [0.5s]
  incart I52: raw=1746 out=1746 [0.4s]
  incart I53: raw=2260 out=2260 [0.4s]
  incart I54: raw=2362 out=2362 [0.5s]
  incart I55: raw=2165 out=2165 [0.4s]
  incart I56: raw=1704 out=1704 [0.4s]
  incart I57: raw=2867 out=2867 [0.4s]
  incart I58: raw=2323 out=2323 [0.4s]
  incart I59: raw=2147 out=2147 [0.4s]
  incart I60: raw=2474 out=2474 [0.5s]
  incart I61: raw=1453 out=1453 [0.3s]
  incart I62: raw=2269 out=2269 [0.4s]
  incart I63: raw=1992 out=1992 [0.3s]
  incart I64: raw=1911 out=1911 [0.3s]
  incart I65: raw=2664 out=2664 [0.4s]
  incart I66: raw=2338 out=2338 [0.4s]
  incart I67: raw=2974 out=2974 [0.4s]
  incart I68: raw=2644 out=2644 [0.4s]
  incart I69: raw=2168 out=2168 [0.3s]
  incart I70: raw=1665 out=1665 [0.3s]
  incart I71: raw=1668 out=1668 [0.3s]
  incart I72: raw=2268 out=2268 [0.3s]
  incart I73: raw=1992 out=1992 [0.4s]
  incart I74: raw=2403 out=2403 [0.3s]
  incart I75: raw=2102 out=2102 [0.3s]
  incart: 链忠实度逐位比对 75/75 记录通过
  incart: total new=175779 old=175779
  => mit_bih_processed_deploy_causal_normfix_b: 658962 beats (N=543786, A=115176), 515.4 MB npz
  => incart_processed_deploy_causal_normfix_b: 175779 beats (N=153596, A=22183), 115.8 MB npz
  Manifest: /mnt/c/Users/cai/OneDrive/Desktop/Fe programme 25261/ecg-programme-tju-flex.electron-master/pc_tools/ecg_dl/models/deploy_match/build_normfix_arrays_normfix_b_manifest.json

DONE: wall time = 68s
EXIT=0
