WARNING: All log messages before absl::InitializeLog() is called are written to STDERR
I0000 00:00:1788250020.320905     401 port.cc:153] oneDNN custom operations are on. You may see slightly different numerical results due to floating-point round-off errors from different computation orders. To turn them off, set the environment variable `TF_ENABLE_ONEDNN_OPTS=0`.
I0000 00:00:1788250021.502997     401 cpu_feature_guard.cc:227] This TensorFlow binary is optimized to use available CPU instructions in performance-critical operations.
To enable the following instructions: AVX2 AVX512F AVX512_VNNI AVX512_BF16 AVX_VNNI FMA, in other operations, rebuild TensorFlow with the appropriate compiler flags.
WARNING: All log messages before absl::InitializeLog() is called are written to STDERR
I0000 00:00:1788250024.911046     401 port.cc:153] oneDNN custom operations are on. You may see slightly different numerical results due to floating-point round-off errors from different computation orders. To turn them off, set the environment variable `TF_ENABLE_ONEDNN_OPTS=0`.
W0000 00:00:1788250029.979866     401 gpu_device.cc:2459] TensorFlow was not built with CUDA kernel binaries compatible with compute capability 12.0a. CUDA kernels will be jit-compiled from PTX, which could take 30 minutes or longer.
W0000 00:00:1788250030.223931     401 gpu_device.cc:2459] TensorFlow was not built with CUDA kernel binaries compatible with compute capability 12.0a. CUDA kernels will be jit-compiled from PTX, which could take 30 minutes or longer.
I0000 00:00:1788250030.451876     401 gpu_device.cc:2043] Created device /job:localhost/replica:0/task:0/device:GPU:0 with 5199 MB memory:  -> device: 0, name: NVIDIA GeForce RTX 5070 Laptop GPU, pci bus id: 0000:01:00.0, compute capability: 12.0a
I0000 00:00:1788250034.093057     491 service.cc:153] XLA service 0x7a0638045520 initialized for platform CUDA (this does not guarantee that XLA will be used). Devices:
I0000 00:00:1788250034.093105     491 service.cc:161]   StreamExecutor [0]: NVIDIA GeForce RTX 5070 Laptop GPU, Compute Capability 12.0a (Driver: 13.2.0; Runtime: 12.9.0; Toolkit: 12.5.0; DNN: 9.24.0)
I0000 00:00:1788250034.150128     491 dump_mlir_util.cc:269] disabling MLIR crash reproducer, set env var `MLIR_CRASH_REPRODUCER_DIRECTORY` to enable.
I0000 00:00:1788250034.466129     491 cuda_dnn.cc:461] Loaded cuDNN version 92400
I0000 00:00:1788250043.409861     491 device_compiler.h:208] Compiled cluster using XLA!  This line is logged at most once for the lifetime of the process.
[DIAG] mit: AUC=0.9003 F1=0.4518 Sens=0.9374 Prec=0.2976 evF1=0.767127 FP/rec=5.9 alerts=162
[DIAG] incart: AUC=0.8213 F1=0.2833 Sens=0.8665 Prec=0.1694 evF1=0.669963 FP/rec=9.538462 alerts=253
[DIAG] ptb: AUC=0.7662 F1=0.7560 Sens=0.6506 Prec=0.9022 evF1=0.853525 FP/rec=0.368421 alerts=157
[DIAG] mit_incart_merged: AUC=0.8651 F1=0.3582 Sens=0.9049 Prec=0.2233 evF1=0.71048 FP/rec=7.956522 alerts=415
[DIAG] top FP records: [(100060, 58, 0), (100002, 50, 229), (100068, 38, 163), (105, 36, 41), (100001, 33, 344), (201, 32, 328), (100059, 27, 81), (119, 26, 444), (202, 25, 75), (205, 23, 85)]
[DIAG] saved /mnt/c/Users/cai/OneDrive/Desktop/Fe programme 25261/ecg-programme-tju-flex.electron-master/pc_tools/ecg_dl/models/deploy_match/diag_v3.json
