WARNING: All log messages before absl::InitializeLog() is called are written to STDERR
I0000 00:00:1788253791.748096     409 port.cc:153] oneDNN custom operations are on. You may see slightly different numerical results due to floating-point round-off errors from different computation orders. To turn them off, set the environment variable `TF_ENABLE_ONEDNN_OPTS=0`.
I0000 00:00:1788253792.869803     409 cpu_feature_guard.cc:227] This TensorFlow binary is optimized to use available CPU instructions in performance-critical operations.
To enable the following instructions: AVX2 AVX512F AVX512_VNNI AVX512_BF16 AVX_VNNI FMA, in other operations, rebuild TensorFlow with the appropriate compiler flags.
WARNING: All log messages before absl::InitializeLog() is called are written to STDERR
I0000 00:00:1788253796.273821     409 port.cc:153] oneDNN custom operations are on. You may see slightly different numerical results due to floating-point round-off errors from different computation orders. To turn them off, set the environment variable `TF_ENABLE_ONEDNN_OPTS=0`.
W0000 00:00:1788253801.483086     409 gpu_device.cc:2459] TensorFlow was not built with CUDA kernel binaries compatible with compute capability 12.0a. CUDA kernels will be jit-compiled from PTX, which could take 30 minutes or longer.
W0000 00:00:1788253801.738035     409 gpu_device.cc:2459] TensorFlow was not built with CUDA kernel binaries compatible with compute capability 12.0a. CUDA kernels will be jit-compiled from PTX, which could take 30 minutes or longer.
I0000 00:00:1788253802.023488     409 gpu_device.cc:2043] Created device /job:localhost/replica:0/task:0/device:GPU:0 with 5199 MB memory:  -> device: 0, name: NVIDIA GeForce RTX 5070 Laptop GPU, pci bus id: 0000:01:00.0, compute capability: 12.0a
[MINE4] v3 A 基集抽样复刻: mit_bih=3000, incart=800
I0000 00:00:1788253805.904331     499 service.cc:153] XLA service 0x7649d4057b40 initialized for platform CUDA (this does not guarantee that XLA will be used). Devices:
I0000 00:00:1788253805.904387     499 service.cc:161]   StreamExecutor [0]: NVIDIA GeForce RTX 5070 Laptop GPU, Compute Capability 12.0a (Driver: 13.2.0; Runtime: 12.9.0; Toolkit: 12.5.0; DNN: 9.24.0)
I0000 00:00:1788253805.960210     499 dump_mlir_util.cc:269] disabling MLIR crash reproducer, set env var `MLIR_CRASH_REPRODUCER_DIRECTORY` to enable.
I0000 00:00:1788253806.301145     499 cuda_dnn.cc:461] Loaded cuDNN version 92400
I0000 00:00:1788253815.546572     499 device_compiler.h:208] Compiled cluster using XLA!  This line is logged at most once for the lifetime of the process.
[MINE4] mit_bih: train_norm=337356 confident(>=0.9)=10244
[MINE4] incart: train_norm=79930 confident(>=0.9)=10741
[MINE4] mit_bih: mined=383 records=25 overlap_with_base=1 (0.3%)
[MINE4] incart: mined=517 records=41 overlap_with_base=0 (0.0%)
[MINE4] total_mined=900 already_in_base=1 (0.1%)
[MINE4] saved /mnt/c/Users/cai/OneDrive/Desktop/Fe programme 25261/ecg-programme-tju-flex.electron-master/pc_tools/ecg_dl/models/deploy_match/hard_negatives_v4.json (38s)
