WARNING: All log messages before absl::InitializeLog() is called are written to STDERR
I0000 00:00:1788364132.532012     402 port.cc:153] oneDNN custom operations are on. You may see slightly different numerical results due to floating-point round-off errors from different computation orders. To turn them off, set the environment variable `TF_ENABLE_ONEDNN_OPTS=0`.
I0000 00:00:1788364133.322660     402 cpu_feature_guard.cc:227] This TensorFlow binary is optimized to use available CPU instructions in performance-critical operations.
To enable the following instructions: AVX2 AVX512F AVX512_VNNI AVX512_BF16 AVX_VNNI FMA, in other operations, rebuild TensorFlow with the appropriate compiler flags.
WARNING: All log messages before absl::InitializeLog() is called are written to STDERR
I0000 00:00:1788364135.681170     402 port.cc:153] oneDNN custom operations are on. You may see slightly different numerical results due to floating-point round-off errors from different computation orders. To turn them off, set the environment variable `TF_ENABLE_ONEDNN_OPTS=0`.
[IL2] I01: 2756 beats (N=2412, A=344)
[IL2] I02: 2672 beats (N=2443, A=229)
[IL2] I03: SKIP user-excluded (not Lead II-like)
[IL2] I04: 2422 beats (N=2268, A=154)
[IL2] I05: 1775 beats (N=1519, A=256)
[IL2] I06: 2492 beats (N=2435, A=57)
[IL2] I07: 2704 beats (N=2638, A=66)
[IL2] I08: 2129 beats (N=1776, A=353)
[IL2] I09: 2988 beats (N=2947, A=41)
[IL2] I10: 3680 beats (N=3597, A=83)
[IL2] I11: 2081 beats (N=2077, A=4)
[IL2] I12: 2807 beats (N=2798, A=9)
[IL2] I13: 2023 beats (N=1793, A=230)
[IL2] I14: 1864 beats (N=1800, A=64)
[IL2] I15: 2633 beats (N=2630, A=3)
[IL2] I16: 1522 beats (N=1520, A=2)
[IL2] I17: 1672 beats (N=1645, A=27)
[IL2] I18: 3083 beats (N=2661, A=422)
[IL2] I19: 2062 beats (N=1212, A=850)
[IL2] I20: 2650 beats (N=2360, A=290)
[IL2] I21: 2183 beats (N=2071, A=112)
[IL2] I22: 3126 beats (N=2816, A=310)
[IL2] I23: 2204 beats (N=2191, A=13)
[IL2] I24: 2569 beats (N=2563, A=6)
[IL2] I25: 1711 beats (N=1704, A=7)
[IL2] I26: 1509 beats (N=1498, A=11)
[IL2] I27: 2604 beats (N=1884, A=720)
[IL2] I28: 1716 beats (N=1712, A=4)
[IL2] I29: 2618 beats (N=1835, A=783)
[IL2] I30: 2460 beats (N=1705, A=755)
[IL2] I31: 3208 beats (N=1843, A=1365)
[IL2] I32: 1617 beats (N=1560, A=57)
[IL2] I33: 1835 beats (N=1245, A=590)
[IL2] I34: 1964 beats (N=1428, A=536)
[IL2] I35: 3674 beats (N=3199, A=475)
[IL2] I36: 3908 beats (N=3446, A=462)
[IL2] I37: 2461 beats (N=2009, A=452)
[IL2] I38: 2697 beats (N=2153, A=544)
[IL2] I39: 1774 beats (N=1461, A=313)
[IL2] I40: 2665 beats (N=2567, A=98)
[IL2] I41: 1630 beats (N=1624, A=6)
[IL2] I42: 3107 beats (N=1544, A=1563)
[IL2] I43: 2208 beats (N=1086, A=1122)
[IL2] I44: 2494 beats (N=1803, A=691)
[IL2] I45: 1926 beats (N=1435, A=491)
[IL2] I46: 2657 beats (N=2231, A=426)
[IL2] I47: 1951 beats (N=1857, A=94)
[IL2] I48: 2356 beats (N=2118, A=238)
[IL2] I49: 2146 beats (N=2119, A=27)
[IL2] I50: 2997 beats (N=2993, A=4)
[IL2] I51: 2775 beats (N=1969, A=806)
[IL2] I52: 1746 beats (N=1609, A=137)
[IL2] I53: 2260 beats (N=1150, A=1110)
[IL2] I54: 2361 beats (N=2338, A=23)
[IL2] I55: 2165 beats (N=2147, A=18)
[IL2] I56: 1704 beats (N=1671, A=33)
[IL2] I57: 2867 beats (N=2840, A=27)
[IL2] I58: 2323 beats (N=2311, A=12)
[IL2] I59: 2147 beats (N=2066, A=81)
[IL2] I60: 2474 beats (N=2474, A=0)
[IL2] I61: 1453 beats (N=1452, A=1)
[IL2] I62: 2269 beats (N=1453, A=816)
[IL2] I63: 1992 beats (N=1845, A=147)
[IL2] I64: 1911 beats (N=1885, A=26)
[IL2] I65: 2664 beats (N=2273, A=391)
[IL2] I66: 2338 beats (N=2137, A=201)
[IL2] I67: 2974 beats (N=2437, A=537)
[IL2] I68: 2644 beats (N=2481, A=163)
[IL2] I69: 2168 beats (N=1999, A=169)
[IL2] I70: 1665 beats (N=1539, A=126)
[IL2] I71: 1668 beats (N=1633, A=35)
[IL2] I72: 2268 beats (N=1874, A=394)
[IL2] I73: SKIP user-excluded (not Lead II-like)
[IL2] I74: 2403 beats (N=2081, A=322)
[IL2] I75: 2102 beats (N=1482, A=620)
[IL2] saved incart_lead2_processed_deploy_causal.npz: beats=171331 N=149377 A=21954 errors=0
