WARNING: All log messages before absl::InitializeLog() is called are written to STDERR
I0000 00:00:1788278784.703230     360 port.cc:153] oneDNN custom operations are on. You may see slightly different numerical results due to floating-point round-off errors from different computation orders. To turn them off, set the environment variable `TF_ENABLE_ONEDNN_OPTS=0`.
I0000 00:00:1788278785.722260     360 cpu_feature_guard.cc:227] This TensorFlow binary is optimized to use available CPU instructions in performance-critical operations.
To enable the following instructions: AVX2 AVX512F AVX512_VNNI AVX512_BF16 AVX_VNNI FMA, in other operations, rebuild TensorFlow with the appropriate compiler flags.
WARNING: All log messages before absl::InitializeLog() is called are written to STDERR
I0000 00:00:1788278788.418282     360 port.cc:153] oneDNN custom operations are on. You may see slightly different numerical results due to floating-point round-off errors from different computation orders. To turn them off, set the environment variable `TF_ENABLE_ONEDNN_OPTS=0`.
[DP2] npz loaded: train=(5942, 250) val=(4040, 250) holdout=(40, 250); p_train mean=0.4219 p_val mean=0.5070
W0000 00:00:1788278793.011772     360 gpu_device.cc:2459] TensorFlow was not built with CUDA kernel binaries compatible with compute capability 12.0a. CUDA kernels will be jit-compiled from PTX, which could take 30 minutes or longer.
[DP2] GPU: [PhysicalDevice(name='/physical_device:GPU:0', device_type='GPU')]
W0000 00:00:1788278793.021455     360 gpu_device.cc:2459] TensorFlow was not built with CUDA kernel binaries compatible with compute capability 12.0a. CUDA kernels will be jit-compiled from PTX, which could take 30 minutes or longer.
I0000 00:00:1788278793.250304     360 gpu_device.cc:2043] Created device /job:localhost/replica:0/task:0/device:GPU:0 with 5199 MB memory:  -> device: 0, name: NVIDIA GeForce RTX 5070 Laptop GPU, pci bus id: 0000:01:00.0, compute capability: 12.0a
[DP2] params=62,834 (随机初始化, 未加载任何权重; 架构与 v3 配置 a 完全相同)
[DP2] start KD training: epochs=80 batch=32 lr=0.0003 cosine, alpha=0.5 T=1.0, no class_weight
Epoch 1/80
I0000 00:00:1788278806.337540     448 service.cc:153] XLA service 0x73e40407f200 initialized for platform CUDA (this does not guarantee that XLA will be used). Devices:
I0000 00:00:1788278806.338079     448 service.cc:161]   StreamExecutor [0]: NVIDIA GeForce RTX 5070 Laptop GPU, Compute Capability 12.0a (Driver: 13.2.0; Runtime: 12.9.0; Toolkit: 12.5.0; DNN: 9.24.0)
I0000 00:00:1788278806.731781     448 dump_mlir_util.cc:269] disabling MLIR crash reproducer, set env var `MLIR_CRASH_REPRODUCER_DIRECTORY` to enable.
I0000 00:00:1788278809.086648     448 cuda_dnn.cc:461] Loaded cuDNN version 92400
I0000 00:00:1788278809.430717     448 dot_merger.cc:481] Merging Dots in computation: a_inference_one_step_on_data_21379__.194
I0000 00:00:1788278815.274400     517 subprocess_compilation.cc:348] ptxas warning : Registers are spilled to local memory in function 'gemm_fusion_MatMul_1_42', 24 bytes spill stores, 16 bytes spill loads

I0000 00:00:1788278815.786892     520 subprocess_compilation.cc:348] ptxas warning : Registers are spilled to local memory in function 'gemm_fusion_MatMul_1_40', 28 bytes spill stores, 20 bytes spill loads

I0000 00:00:1788278815.820441     448 dot_search_space.cc:240] All configs were filtered out because none of them sufficiently match the hints. Maybe the hints set does not contain a good representative set of valid configs? Working around this by using the full hints set instead.
I0000 00:00:1788278816.863138     513 subprocess_compilation.cc:348] ptxas warning : Registers are spilled to local memory in function 'gemm_fusion_MatMul_124', 16 bytes spill stores, 16 bytes spill loads

I0000 00:00:1788278818.698788     448 dot_search_space.cc:240] All configs were filtered out because none of them sufficiently match the hints. Maybe the hints set does not contain a good representative set of valid configs? Working around this by using the full hints set instead.
I0000 00:00:1788278823.655023     524 subprocess_compilation.cc:348] ptxas warning : Registers are spilled to local memory in function 'input_reduce_select_fusion_2', 8 bytes spill stores, 8 bytes spill loads

I0000 00:00:1788278828.322850     524 subprocess_compilation.cc:348] ptxas warning : Registers are spilled to local memory in function 'input_reduce_select_fusion_3', 8 bytes spill stores, 8 bytes spill loads

I0000 00:00:1788278828.590405     523 subprocess_compilation.cc:348] ptxas warning : Registers are spilled to local memory in function 'input_reduce_select_fusion_1', 4 bytes spill stores, 4 bytes spill loads

I0000 00:00:1788278836.606318     448 subprocess_compilation.cc:348] ptxas warning : Registers are spilled to local memory in function 'input_reduce_select_fusion_2', 8 bytes spill stores, 8 bytes spill loads

I0000 00:00:1788278836.665201     448 device_compiler.h:208] Compiled cluster using XLA!  This line is logged at most once for the lifetime of the process.
I0000 00:00:1788278839.723820     448 dot_merger.cc:481] Merging Dots in computation: a_inference_one_step_on_data_21379__.194
I0000 00:00:1788278840.727449     448 dot_search_space.cc:240] All configs were filtered out because none of them sufficiently match the hints. Maybe the hints set does not contain a good representative set of valid configs? Working around this by using the full hints set instead.
I0000 00:00:1788278841.111559    1377 subprocess_compilation.cc:348] ptxas warning : Registers are spilled to local memory in function 'gemm_fusion_MatMul_124', 16 bytes spill stores, 16 bytes spill loads

I0000 00:00:1788278842.319467    1373 subprocess_compilation.cc:348] ptxas warning : Registers are spilled to local memory in function 'gemm_fusion_MatMul_114', 4 bytes spill stores, 4 bytes spill loads

I0000 00:00:1788278844.365946     448 dot_search_space.cc:240] All configs were filtered out because none of them sufficiently match the hints. Maybe the hints set does not contain a good representative set of valid configs? Working around this by using the full hints set instead.
I0000 00:00:1788278847.590123    1367 subprocess_compilation.cc:348] ptxas warning : Registers are spilled to local memory in function 'input_reduce_select_fusion', 4 bytes spill stores, 4 bytes spill loads

I0000 00:00:1788278847.893817    1367 subprocess_compilation.cc:348] ptxas warning : Registers are spilled to local memory in function 'input_reduce_select_fusion_6', 4 bytes spill stores, 4 bytes spill loads

I0000 00:00:1788278848.538013    1367 subprocess_compilation.cc:348] ptxas warning : Registers are spilled to local memory in function 'input_reduce_select_fusion_1', 12 bytes spill stores, 12 bytes spill loads

I0000 00:00:1788278849.832048    1378 subprocess_compilation.cc:348] ptxas warning : Registers are spilled to local memory in function 'input_reduce_select_fusion_7', 4 bytes spill stores, 4 bytes spill loads

I0000 00:00:1788278850.116762    1370 subprocess_compilation.cc:348] ptxas warning : Registers are spilled to local memory in function 'input_reduce_select_fusion_3', 12 bytes spill stores, 12 bytes spill loads

I0000 00:00:1788278850.595846    1378 subprocess_compilation.cc:348] ptxas warning : Registers are spilled to local memory in function 'input_reduce_select_fusion_2', 8 bytes spill stores, 8 bytes spill loads

I0000 00:00:1788278856.635146     448 subprocess_compilation.cc:348] ptxas warning : Registers are spilled to local memory in function 'input_reduce_select_fusion_3', 12 bytes spill stores, 12 bytes spill loads
ptxas warning : Registers are spilled to local memory in function 'input_reduce_select_fusion_1', 12 bytes spill stores, 12 bytes spill loads
ptxas warning : Registers are spilled to local memory in function 'input_reduce_select_fusion_2', 8 bytes spill stores, 8 bytes spill loads

I0000 00:00:1788278861.183873    2249 subprocess_compilation.cc:348] ptxas warning : Registers are spilled to local memory in function 'gemm_fusion_MatMul_76', 4 bytes spill stores, 4 bytes spill loads

WARNING:absl:You are saving your model as an HDF5 file via `model.save()` or `keras.saving.save_model(model)`. This file format is considered legacy. We recommend using instead the native Keras format, e.g. `model.save('my_model.keras')` or `keras.saving.save_model(model, 'my_model.keras')`. 
  * saved best val_auc=0.4430 (epoch 1)
186/186 - 82s - 442ms/step - loss: 0.3212 - sliced_auc: 0.8562 - val_loss: 0.4554 - val_sliced_auc: 0.4674 - val_auc: 0.4430
Epoch 2/80
WARNING:absl:You are saving your model as an HDF5 file via `model.save()` or `keras.saving.save_model(model)`. This file format is considered legacy. We recommend using instead the native Keras format, e.g. `model.save('my_model.keras')` or `keras.saving.save_model(model, 'my_model.keras')`. 
  * saved best val_auc=0.6253 (epoch 2)
186/186 - 4s - 22ms/step - loss: 0.2134 - sliced_auc: 0.9401 - val_loss: 0.5320 - val_sliced_auc: 0.5576 - val_auc: 0.6253
Epoch 3/80
WARNING:absl:You are saving your model as an HDF5 file via `model.save()` or `keras.saving.save_model(model)`. This file format is considered legacy. We recommend using instead the native Keras format, e.g. `model.save('my_model.keras')` or `keras.saving.save_model(model, 'my_model.keras')`. 
  * saved best val_auc=0.7759 (epoch 3)
186/186 - 4s - 21ms/step - loss: 0.1852 - sliced_auc: 0.9606 - val_loss: 0.5031 - val_sliced_auc: 0.6665 - val_auc: 0.7759
Epoch 4/80
WARNING:absl:You are saving your model as an HDF5 file via `model.save()` or `keras.saving.save_model(model)`. This file format is considered legacy. We recommend using instead the native Keras format, e.g. `model.save('my_model.keras')` or `keras.saving.save_model(model, 'my_model.keras')`. 
  * saved best val_auc=0.7763 (epoch 4)
186/186 - 4s - 21ms/step - loss: 0.1689 - sliced_auc: 0.9719 - val_loss: 0.3977 - val_sliced_auc: 0.7481 - val_auc: 0.7763
Epoch 5/80
186/186 - 3s - 17ms/step - loss: 0.1606 - sliced_auc: 0.9769 - val_loss: 0.3806 - val_sliced_auc: 0.7552 - val_auc: 0.7696
Epoch 6/80
186/186 - 3s - 18ms/step - loss: 0.1530 - sliced_auc: 0.9818 - val_loss: 0.4072 - val_sliced_auc: 0.7443 - val_auc: 0.7665
Epoch 7/80
186/186 - 3s - 17ms/step - loss: 0.1486 - sliced_auc: 0.9846 - val_loss: 0.4076 - val_sliced_auc: 0.7510 - val_auc: 0.7660
Epoch 8/80
186/186 - 3s - 16ms/step - loss: 0.1439 - sliced_auc: 0.9869 - val_loss: 0.3930 - val_sliced_auc: 0.7620 - val_auc: 0.7636
Epoch 9/80
186/186 - 3s - 17ms/step - loss: 0.1383 - sliced_auc: 0.9899 - val_loss: 0.3982 - val_sliced_auc: 0.7568 - val_auc: 0.7646
Epoch 10/80
186/186 - 4s - 19ms/step - loss: 0.1360 - sliced_auc: 0.9912 - val_loss: 0.4098 - val_sliced_auc: 0.7420 - val_auc: 0.7547
Epoch 11/80
186/186 - 3s - 16ms/step - loss: 0.1321 - sliced_auc: 0.9932 - val_loss: 0.4144 - val_sliced_auc: 0.7512 - val_auc: 0.7610
Epoch 12/80
186/186 - 3s - 16ms/step - loss: 0.1302 - sliced_auc: 0.9940 - val_loss: 0.4185 - val_sliced_auc: 0.7480 - val_auc: 0.7616
Epoch 13/80
186/186 - 3s - 18ms/step - loss: 0.1265 - sliced_auc: 0.9955 - val_loss: 0.4279 - val_sliced_auc: 0.7497 - val_auc: 0.7677
Epoch 14/80
186/186 - 3s - 18ms/step - loss: 0.1259 - sliced_auc: 0.9963 - val_loss: 0.4104 - val_sliced_auc: 0.7480 - val_auc: 0.7567
Epoch 15/80
186/186 - 3s - 19ms/step - loss: 0.1233 - sliced_auc: 0.9970 - val_loss: 0.4029 - val_sliced_auc: 0.7571 - val_auc: 0.7600
Epoch 16/80
186/186 - 3s - 17ms/step - loss: 0.1235 - sliced_auc: 0.9969 - val_loss: 0.4064 - val_sliced_auc: 0.7584 - val_auc: 0.7626
Epoch 17/80
186/186 - 3s - 16ms/step - loss: 0.1215 - sliced_auc: 0.9980 - val_loss: 0.4122 - val_sliced_auc: 0.7549 - val_auc: 0.7565
Epoch 18/80
186/186 - 4s - 20ms/step - loss: 0.1204 - sliced_auc: 0.9982 - val_loss: 0.4127 - val_sliced_auc: 0.7465 - val_auc: 0.7500
Epoch 19/80
186/186 - 3s - 18ms/step - loss: 0.1198 - sliced_auc: 0.9982 - val_loss: 0.4078 - val_sliced_auc: 0.7515 - val_auc: 0.7490
Epoch 20/80
186/186 - 3s - 17ms/step - loss: 0.1190 - sliced_auc: 0.9986 - val_loss: 0.4178 - val_sliced_auc: 0.7658 - val_auc: 0.7657
Epoch 21/80
186/186 - 3s - 19ms/step - loss: 0.1171 - sliced_auc: 0.9989 - val_loss: 0.3987 - val_sliced_auc: 0.7574 - val_auc: 0.7593
Epoch 22/80
186/186 - 4s - 19ms/step - loss: 0.1173 - sliced_auc: 0.9988 - val_loss: 0.4177 - val_sliced_auc: 0.7344 - val_auc: 0.7378
Epoch 23/80
186/186 - 3s - 16ms/step - loss: 0.1174 - sliced_auc: 0.9990 - val_loss: 0.4120 - val_sliced_auc: 0.7627 - val_auc: 0.7608
Epoch 24/80
186/186 - 3s - 19ms/step - loss: 0.1168 - sliced_auc: 0.9987 - val_loss: 0.4292 - val_sliced_auc: 0.7642 - val_auc: 0.7632
Epoch 24: early stopping
Restoring model weights from the end of the best epoch: 4.
[DP2] training done in 164s
[DP2] BEST: val AUC=0.7763; real holdout mean=0.0367 frac>0.5=0.0000
[DP2] saved best_resnet_large_distill_pilot.h5, train_history_distill_pilot.csv, train_distill_pilot.json
DP2_EXIT=0
