WARNING: All log messages before absl::InitializeLog() is called are written to STDERR
I0000 00:00:1788248809.004026     350 port.cc:153] oneDNN custom operations are on. You may see slightly different numerical results due to floating-point round-off errors from different computation orders. To turn them off, set the environment variable `TF_ENABLE_ONEDNN_OPTS=0`.
I0000 00:00:1788248809.917715     350 cpu_feature_guard.cc:227] This TensorFlow binary is optimized to use available CPU instructions in performance-critical operations.
To enable the following instructions: AVX2 AVX512F AVX512_VNNI AVX512_BF16 AVX_VNNI FMA, in other operations, rebuild TensorFlow with the appropriate compiler flags.
WARNING: All log messages before absl::InitializeLog() is called are written to STDERR
I0000 00:00:1788248813.157406     350 port.cc:153] oneDNN custom operations are on. You may see slightly different numerical results due to floating-point round-off errors from different computation orders. To turn them off, set the environment variable `TF_ENABLE_ONEDNN_OPTS=0`.
W0000 00:00:1788248818.326454     350 gpu_device.cc:2459] TensorFlow was not built with CUDA kernel binaries compatible with compute capability 12.0a. CUDA kernels will be jit-compiled from PTX, which could take 30 minutes or longer.
[CB3:a] GPU: [PhysicalDevice(name='/physical_device:GPU:0', device_type='GPU')]
[CB3:a] main gold: 4800 (abn=2500, norm=2300)
[CB3:a] real AFE: train_unique=271 repeated=542, holdout=40
[CB3:a] synthetic hard neg: 600
[CB3:a] train total=5942 abn=2500 norm=3442
[CB3:a] val total=4040 abn=2000 norm=2040 (incl real holdout 40)
W0000 00:00:1788248821.908159     350 gpu_device.cc:2459] TensorFlow was not built with CUDA kernel binaries compatible with compute capability 12.0a. CUDA kernels will be jit-compiled from PTX, which could take 30 minutes or longer.
I0000 00:00:1788248822.166186     350 gpu_device.cc:2043] Created device /job:localhost/replica:0/task:0/device:GPU:0 with 5199 MB memory:  -> device: 0, name: NVIDIA GeForce RTX 5070 Laptop GPU, pci bus id: 0000:01:00.0, compute capability: 12.0a
[CB3:a] params=62,834 (随机初始化, 未加载任何权重; dropout=0.4)
[CB3:a] start from-scratch training: epochs=80 batch=32 lr=0.0003 cosine, class_weight={0:1.0,1:1.0}
Epoch 1/80
I0000 00:00:1788248833.044043     444 service.cc:153] XLA service 0x7b9a4007fde0 initialized for platform CUDA (this does not guarantee that XLA will be used). Devices:
I0000 00:00:1788248833.044111     444 service.cc:161]   StreamExecutor [0]: NVIDIA GeForce RTX 5070 Laptop GPU, Compute Capability 12.0a (Driver: 13.2.0; Runtime: 12.9.0; Toolkit: 12.5.0; DNN: 9.24.0)
I0000 00:00:1788248833.394286     444 dump_mlir_util.cc:269] disabling MLIR crash reproducer, set env var `MLIR_CRASH_REPRODUCER_DIRECTORY` to enable.
I0000 00:00:1788248835.452573     444 cuda_dnn.cc:461] Loaded cuDNN version 92400
I0000 00:00:1788248835.807441     444 dot_merger.cc:481] Merging Dots in computation: a_inference_one_step_on_data_20969__.182
I0000 00:00:1788248837.424202     444 dot_search_space.cc:240] All configs were filtered out because none of them sufficiently match the hints. Maybe the hints set does not contain a good representative set of valid configs? Working around this by using the full hints set instead.
I0000 00:00:1788248838.922445     444 dot_search_space.cc:240] All configs were filtered out because none of them sufficiently match the hints. Maybe the hints set does not contain a good representative set of valid configs? Working around this by using the full hints set instead.
I0000 00:00:1788248839.769209     509 subprocess_compilation.cc:348] ptxas warning : Registers are spilled to local memory in function 'gemm_fusion_MatMul_124', 16 bytes spill stores, 16 bytes spill loads

I0000 00:00:1788248845.983498     510 subprocess_compilation.cc:348] ptxas warning : Registers are spilled to local memory in function 'gemm_fusion_MatMul_1_46', 24 bytes spill stores, 16 bytes spill loads

I0000 00:00:1788248846.451043     509 subprocess_compilation.cc:348] ptxas warning : Registers are spilled to local memory in function 'gemm_fusion_MatMul_1_44', 28 bytes spill stores, 20 bytes spill loads

I0000 00:00:1788248848.585539     516 subprocess_compilation.cc:348] ptxas warning : Registers are spilled to local memory in function 'input_reduce_select_fusion_2', 8 bytes spill stores, 8 bytes spill loads

I0000 00:00:1788248851.801352     524 subprocess_compilation.cc:348] ptxas warning : Registers are spilled to local memory in function 'input_reduce_select_fusion_3', 8 bytes spill stores, 8 bytes spill loads

I0000 00:00:1788248852.529869     524 subprocess_compilation.cc:348] ptxas warning : Registers are spilled to local memory in function 'input_reduce_select_fusion_1', 4 bytes spill stores, 4 bytes spill loads

I0000 00:00:1788248860.963840     444 device_compiler.h:208] Compiled cluster using XLA!  This line is logged at most once for the lifetime of the process.
I0000 00:00:1788248863.706898     442 dot_merger.cc:481] Merging Dots in computation: a_inference_one_step_on_data_20969__.182
I0000 00:00:1788248864.938061     442 dot_search_space.cc:240] All configs were filtered out because none of them sufficiently match the hints. Maybe the hints set does not contain a good representative set of valid configs? Working around this by using the full hints set instead.
I0000 00:00:1788248865.205855    1374 subprocess_compilation.cc:348] ptxas warning : Registers are spilled to local memory in function 'gemm_fusion_MatMul_124', 16 bytes spill stores, 16 bytes spill loads

I0000 00:00:1788248865.558616    1377 subprocess_compilation.cc:348] ptxas warning : Registers are spilled to local memory in function 'gemm_fusion_MatMul_114', 4 bytes spill stores, 4 bytes spill loads

I0000 00:00:1788248867.751312     442 dot_search_space.cc:240] All configs were filtered out because none of them sufficiently match the hints. Maybe the hints set does not contain a good representative set of valid configs? Working around this by using the full hints set instead.
I0000 00:00:1788248870.371728    1378 subprocess_compilation.cc:348] ptxas warning : Registers are spilled to local memory in function 'input_reduce_select_fusion_6', 4 bytes spill stores, 4 bytes spill loads

I0000 00:00:1788248870.944103    1379 subprocess_compilation.cc:348] ptxas warning : Registers are spilled to local memory in function 'input_reduce_select_fusion_1', 12 bytes spill stores, 12 bytes spill loads

I0000 00:00:1788248871.217069    1378 subprocess_compilation.cc:348] ptxas warning : Registers are spilled to local memory in function 'input_reduce_select_fusion', 8 bytes spill stores, 8 bytes spill loads

I0000 00:00:1788248871.812178    1378 subprocess_compilation.cc:348] ptxas warning : Registers are spilled to local memory in function 'input_reduce_select_fusion_7', 4 bytes spill stores, 4 bytes spill loads

I0000 00:00:1788248872.245590    1370 subprocess_compilation.cc:348] ptxas warning : Registers are spilled to local memory in function 'input_reduce_select_fusion_3', 12 bytes spill stores, 12 bytes spill loads

I0000 00:00:1788248872.575971    1378 subprocess_compilation.cc:348] ptxas warning : Registers are spilled to local memory in function 'input_reduce_select_fusion_2', 8 bytes spill stores, 8 bytes spill loads

I0000 00:00:1788248877.413903     442 subprocess_compilation.cc:348] ptxas warning : Registers are spilled to local memory in function 'input_reduce_select_fusion_2', 8 bytes spill stores, 8 bytes spill loads

I0000 00:00:1788248881.170991    2267 subprocess_compilation.cc:348] ptxas warning : Registers are spilled to local memory in function 'gemm_fusion_MatMul_76', 4 bytes spill stores, 4 bytes spill loads

WARNING:absl:You are saving your model as an HDF5 file via `model.save()` or `keras.saving.save_model(model)`. This file format is considered legacy. We recommend using instead the native Keras format, e.g. `model.save('my_model.keras')` or `keras.saving.save_model(model, 'my_model.keras')`. 
  * saved best val_auc=0.4009 (epoch 1)
186/186 - 73s - 392ms/step - accuracy: 0.7703 - loss: 0.4761 - val_accuracy: 0.4950 - val_loss: 0.7173 - val_auc: 0.4009
Epoch 2/80
WARNING:absl:You are saving your model as an HDF5 file via `model.save()` or `keras.saving.save_model(model)`. This file format is considered legacy. We recommend using instead the native Keras format, e.g. `model.save('my_model.keras')` or `keras.saving.save_model(model, 'my_model.keras')`. 
  * saved best val_auc=0.5775 (epoch 2)
186/186 - 3s - 18ms/step - accuracy: 0.8714 - loss: 0.3060 - val_accuracy: 0.4953 - val_loss: 0.8807 - val_auc: 0.5775
Epoch 3/80
WARNING:absl:You are saving your model as an HDF5 file via `model.save()` or `keras.saving.save_model(model)`. This file format is considered legacy. We recommend using instead the native Keras format, e.g. `model.save('my_model.keras')` or `keras.saving.save_model(model, 'my_model.keras')`. 
  * saved best val_auc=0.7621 (epoch 3)
186/186 - 3s - 18ms/step - accuracy: 0.9054 - loss: 0.2421 - val_accuracy: 0.5614 - val_loss: 1.1107 - val_auc: 0.7621
Epoch 4/80
WARNING:absl:You are saving your model as an HDF5 file via `model.save()` or `keras.saving.save_model(model)`. This file format is considered legacy. We recommend using instead the native Keras format, e.g. `model.save('my_model.keras')` or `keras.saving.save_model(model, 'my_model.keras')`. 
  * saved best val_auc=0.7874 (epoch 4)
186/186 - 3s - 18ms/step - accuracy: 0.9228 - loss: 0.2048 - val_accuracy: 0.6859 - val_loss: 1.0185 - val_auc: 0.7874
Epoch 5/80
186/186 - 3s - 17ms/step - accuracy: 0.9335 - loss: 0.1690 - val_accuracy: 0.6988 - val_loss: 0.8517 - val_auc: 0.7783
Epoch 6/80
186/186 - 3s - 15ms/step - accuracy: 0.9490 - loss: 0.1392 - val_accuracy: 0.6941 - val_loss: 0.9866 - val_auc: 0.7576
Epoch 7/80
186/186 - 4s - 20ms/step - accuracy: 0.9544 - loss: 0.1217 - val_accuracy: 0.7000 - val_loss: 1.0259 - val_auc: 0.7738
Epoch 8/80
186/186 - 3s - 16ms/step - accuracy: 0.9665 - loss: 0.0976 - val_accuracy: 0.7074 - val_loss: 1.1334 - val_auc: 0.7771
Epoch 9/80
186/186 - 3s - 14ms/step - accuracy: 0.9724 - loss: 0.0851 - val_accuracy: 0.6985 - val_loss: 1.1023 - val_auc: 0.7756
Epoch 10/80
186/186 - 3s - 15ms/step - accuracy: 0.9764 - loss: 0.0685 - val_accuracy: 0.6844 - val_loss: 1.3847 - val_auc: 0.7475
Epoch 11/80
186/186 - 3s - 15ms/step - accuracy: 0.9778 - loss: 0.0648 - val_accuracy: 0.6871 - val_loss: 1.4882 - val_auc: 0.7607
Epoch 12/80
186/186 - 3s - 14ms/step - accuracy: 0.9768 - loss: 0.0662 - val_accuracy: 0.6896 - val_loss: 1.5522 - val_auc: 0.7459
Epoch 13/80
186/186 - 3s - 14ms/step - accuracy: 0.9842 - loss: 0.0454 - val_accuracy: 0.6928 - val_loss: 1.7661 - val_auc: 0.7310
Epoch 14/80
186/186 - 3s - 15ms/step - accuracy: 0.9835 - loss: 0.0458 - val_accuracy: 0.7106 - val_loss: 1.4704 - val_auc: 0.7866
Epoch 15/80
186/186 - 3s - 15ms/step - accuracy: 0.9845 - loss: 0.0408 - val_accuracy: 0.6978 - val_loss: 1.6344 - val_auc: 0.7617
Epoch 16/80
186/186 - 3s - 16ms/step - accuracy: 0.9850 - loss: 0.0437 - val_accuracy: 0.6975 - val_loss: 1.6689 - val_auc: 0.7824
Epoch 17/80
WARNING:absl:You are saving your model as an HDF5 file via `model.save()` or `keras.saving.save_model(model)`. This file format is considered legacy. We recommend using instead the native Keras format, e.g. `model.save('my_model.keras')` or `keras.saving.save_model(model, 'my_model.keras')`. 
  * saved best val_auc=0.7935 (epoch 17)
186/186 - 3s - 18ms/step - accuracy: 0.9862 - loss: 0.0372 - val_accuracy: 0.7188 - val_loss: 1.6755 - val_auc: 0.7935
Epoch 18/80
186/186 - 3s - 16ms/step - accuracy: 0.9884 - loss: 0.0345 - val_accuracy: 0.7032 - val_loss: 1.8656 - val_auc: 0.7843
Epoch 19/80
186/186 - 4s - 22ms/step - accuracy: 0.9886 - loss: 0.0302 - val_accuracy: 0.6963 - val_loss: 1.9324 - val_auc: 0.7530
Epoch 20/80
186/186 - 3s - 14ms/step - accuracy: 0.9902 - loss: 0.0308 - val_accuracy: 0.7119 - val_loss: 1.6321 - val_auc: 0.7803
Epoch 21/80
186/186 - 3s - 15ms/step - accuracy: 0.9938 - loss: 0.0212 - val_accuracy: 0.7156 - val_loss: 1.7624 - val_auc: 0.7890
Epoch 22/80
186/186 - 3s - 15ms/step - accuracy: 0.9936 - loss: 0.0205 - val_accuracy: 0.7035 - val_loss: 1.7298 - val_auc: 0.7768
Epoch 23/80
186/186 - 3s - 15ms/step - accuracy: 0.9960 - loss: 0.0117 - val_accuracy: 0.7057 - val_loss: 1.9161 - val_auc: 0.7771
Epoch 24/80
186/186 - 3s - 15ms/step - accuracy: 0.9973 - loss: 0.0092 - val_accuracy: 0.6911 - val_loss: 2.2988 - val_auc: 0.7376
Epoch 25/80
186/186 - 3s - 15ms/step - accuracy: 0.9973 - loss: 0.0074 - val_accuracy: 0.6990 - val_loss: 2.1670 - val_auc: 0.7794
Epoch 26/80
186/186 - 3s - 16ms/step - accuracy: 0.9975 - loss: 0.0084 - val_accuracy: 0.7161 - val_loss: 2.0784 - val_auc: 0.7923
Epoch 27/80
186/186 - 3s - 16ms/step - accuracy: 0.9887 - loss: 0.0310 - val_accuracy: 0.7040 - val_loss: 2.0400 - val_auc: 0.7877
Epoch 28/80
186/186 - 3s - 16ms/step - accuracy: 0.9951 - loss: 0.0138 - val_accuracy: 0.7000 - val_loss: 1.9582 - val_auc: 0.7656
Epoch 29/80
186/186 - 3s - 16ms/step - accuracy: 0.9939 - loss: 0.0164 - val_accuracy: 0.6899 - val_loss: 2.0104 - val_auc: 0.7637
Epoch 30/80
186/186 - 4s - 21ms/step - accuracy: 0.9958 - loss: 0.0115 - val_accuracy: 0.6899 - val_loss: 2.0748 - val_auc: 0.7475
Epoch 31/80
186/186 - 3s - 15ms/step - accuracy: 0.9968 - loss: 0.0091 - val_accuracy: 0.6861 - val_loss: 2.2252 - val_auc: 0.7505
Epoch 32/80
186/186 - 3s - 15ms/step - accuracy: 0.9992 - loss: 0.0036 - val_accuracy: 0.6906 - val_loss: 2.3867 - val_auc: 0.7565
Epoch 33/80
186/186 - 3s - 15ms/step - accuracy: 0.9993 - loss: 0.0024 - val_accuracy: 0.6906 - val_loss: 2.3904 - val_auc: 0.7571
Epoch 34/80
186/186 - 3s - 15ms/step - accuracy: 1.0000 - loss: 6.1785e-04 - val_accuracy: 0.6916 - val_loss: 2.4493 - val_auc: 0.7618
Epoch 35/80
186/186 - 3s - 15ms/step - accuracy: 1.0000 - loss: 4.0989e-04 - val_accuracy: 0.6955 - val_loss: 2.4930 - val_auc: 0.7660
Epoch 36/80
186/186 - 3s - 15ms/step - accuracy: 1.0000 - loss: 2.8941e-04 - val_accuracy: 0.6950 - val_loss: 2.5429 - val_auc: 0.7670
Epoch 37/80
186/186 - 3s - 15ms/step - accuracy: 1.0000 - loss: 2.6642e-04 - val_accuracy: 0.6943 - val_loss: 2.5869 - val_auc: 0.7673
Epoch 37: early stopping
Restoring model weights from the end of the best epoch: 17.
[CB3:a] training done in 188s
[CB3:a] BEST: val AUC=0.7935; real holdout mean=0.0088 frac>0.5=0.0000
[CB3:a] saved best_resnet_large_clean_baseline_v3.h5, train_history_clean_baseline_v3.csv, train_clean_baseline_v3.json
