WARNING: All log messages before absl::InitializeLog() is called are written to STDERR
I0000 00:00:1788282785.947205    1379 port.cc:153] oneDNN custom operations are on. You may see slightly different numerical results due to floating-point round-off errors from different computation orders. To turn them off, set the environment variable `TF_ENABLE_ONEDNN_OPTS=0`.
I0000 00:00:1788282785.998631    1379 cpu_feature_guard.cc:227] This TensorFlow binary is optimized to use available CPU instructions in performance-critical operations.
To enable the following instructions: AVX2 AVX512F AVX512_VNNI AVX512_BF16 AVX_VNNI FMA, in other operations, rebuild TensorFlow with the appropriate compiler flags.
WARNING: All log messages before absl::InitializeLog() is called are written to STDERR
I0000 00:00:1788282786.970413    1379 port.cc:153] oneDNN custom operations are on. You may see slightly different numerical results due to floating-point round-off errors from different computation orders. To turn them off, set the environment variable `TF_ENABLE_ONEDNN_OPTS=0`.
[DPS] npz loaded: train=(5942, 250) val=(4040, 250) holdout=(40, 250); p_train mean=0.4219 p_val mean=0.5070
[DPS] seed=44 alpha=0.5 temperature=1.0 tail_mode=none transform=none
W0000 00:00:1788282789.838697    1379 gpu_device.cc:2459] TensorFlow was not built with CUDA kernel binaries compatible with compute capability 12.0a. CUDA kernels will be jit-compiled from PTX, which could take 30 minutes or longer.
[DPS] GPU: [PhysicalDevice(name='/physical_device:GPU:0', device_type='GPU')]
W0000 00:00:1788282789.849004    1379 gpu_device.cc:2459] TensorFlow was not built with CUDA kernel binaries compatible with compute capability 12.0a. CUDA kernels will be jit-compiled from PTX, which could take 30 minutes or longer.
I0000 00:00:1788282790.078456    1379 gpu_device.cc:2043] Created device /job:localhost/replica:0/task:0/device:GPU:0 with 5199 MB memory:  -> device: 0, name: NVIDIA GeForce RTX 5070 Laptop GPU, pci bus id: 0000:01:00.0, compute capability: 12.0a
[DPS] params=62,834 (random init; architecture identical to v3 A)
[DPS] start KD training: epochs=80 batch=32 lr=0.0003 cosine, alpha=0.5 T=1.0, tail_mode=none, no class_weight
Epoch 1/80
I0000 00:00:1788282824.812432    1530 service.cc:153] XLA service 0x7e06fc06ebe0 initialized for platform CUDA (this does not guarantee that XLA will be used). Devices:
I0000 00:00:1788282824.812756    1530 service.cc:161]   StreamExecutor [0]: NVIDIA GeForce RTX 5070 Laptop GPU, Compute Capability 12.0a (Driver: 13.2.0; Runtime: 12.9.0; Toolkit: 12.5.0; DNN: 9.24.0)
I0000 00:00:1788282825.081095    1530 dump_mlir_util.cc:269] disabling MLIR crash reproducer, set env var `MLIR_CRASH_REPRODUCER_DIRECTORY` to enable.
I0000 00:00:1788282830.541766    1530 cuda_dnn.cc:461] Loaded cuDNN version 92400
I0000 00:00:1788282830.785371    1530 dot_merger.cc:481] Merging Dots in computation: a_inference_one_step_on_data_21379__.194
I0000 00:00:1788282859.296334    1715 subprocess_compilation.cc:348] ptxas warning : Registers are spilled to local memory in function 'gemm_fusion_MatMul_1_42', 24 bytes spill stores, 16 bytes spill loads

I0000 00:00:1788282859.735710    1712 subprocess_compilation.cc:348] ptxas warning : Registers are spilled to local memory in function 'gemm_fusion_MatMul_1_40', 28 bytes spill stores, 20 bytes spill loads

I0000 00:00:1788282859.774830    1530 dot_search_space.cc:240] All configs were filtered out because none of them sufficiently match the hints. Maybe the hints set does not contain a good representative set of valid configs? Working around this by using the full hints set instead.
I0000 00:00:1788282860.521534    1720 subprocess_compilation.cc:348] ptxas warning : Registers are spilled to local memory in function 'gemm_fusion_MatMul_124', 16 bytes spill stores, 16 bytes spill loads

I0000 00:00:1788282873.242006    1530 dot_search_space.cc:240] All configs were filtered out because none of them sufficiently match the hints. Maybe the hints set does not contain a good representative set of valid configs? Working around this by using the full hints set instead.
I0000 00:00:1788282894.164377    1716 subprocess_compilation.cc:348] ptxas warning : Registers are spilled to local memory in function 'input_reduce_select_fusion', 12 bytes spill stores, 12 bytes spill loads

I0000 00:00:1788282911.837469    1719 subprocess_compilation.cc:348] ptxas warning : Registers are spilled to local memory in function 'input_reduce_select_fusion_3', 8 bytes spill stores, 8 bytes spill loads

I0000 00:00:1788282912.008877    1716 subprocess_compilation.cc:348] ptxas warning : Registers are spilled to local memory in function 'input_reduce_select_fusion_1', 4 bytes spill stores, 4 bytes spill loads

I0000 00:00:1788282912.623281    1716 subprocess_compilation.cc:348] ptxas warning : Registers are spilled to local memory in function 'input_reduce_select_fusion_2', 8 bytes spill stores, 8 bytes spill loads

I0000 00:00:1788282923.889115    1530 device_compiler.h:208] Compiled cluster using XLA!  This line is logged at most once for the lifetime of the process.
I0000 00:00:1788282945.509734    1531 dot_merger.cc:481] Merging Dots in computation: a_inference_one_step_on_data_21379__.194
I0000 00:00:1788282963.284725    1531 dot_search_space.cc:240] All configs were filtered out because none of them sufficiently match the hints. Maybe the hints set does not contain a good representative set of valid configs? Working around this by using the full hints set instead.
I0000 00:00:1788282987.560293    3360 subprocess_compilation.cc:348] ptxas warning : Registers are spilled to local memory in function 'gemm_fusion_MatMul_114', 4 bytes spill stores, 4 bytes spill loads

I0000 00:00:1788283002.968355    1531 dot_search_space.cc:240] All configs were filtered out because none of them sufficiently match the hints. Maybe the hints set does not contain a good representative set of valid configs? Working around this by using the full hints set instead.
I0000 00:00:1788283003.321988    3373 subprocess_compilation.cc:348] ptxas warning : Registers are spilled to local memory in function 'gemm_fusion_MatMul_124', 16 bytes spill stores, 16 bytes spill loads

I0000 00:00:1788283010.829001    3373 subprocess_compilation.cc:348] ptxas warning : Registers are spilled to local memory in function 'input_reduce_select_fusion_6', 4 bytes spill stores, 4 bytes spill loads

I0000 00:00:1788283015.594562    3374 subprocess_compilation.cc:348] ptxas warning : Registers are spilled to local memory in function 'input_reduce_select_fusion', 4 bytes spill stores, 4 bytes spill loads

I0000 00:00:1788283021.002606    3374 subprocess_compilation.cc:348] ptxas warning : Registers are spilled to local memory in function 'input_reduce_select_fusion_1', 12 bytes spill stores, 12 bytes spill loads

I0000 00:00:1788283021.552322    3367 subprocess_compilation.cc:348] ptxas warning : Registers are spilled to local memory in function 'input_reduce_select_fusion_3', 12 bytes spill stores, 12 bytes spill loads

I0000 00:00:1788283026.870454    3374 subprocess_compilation.cc:348] ptxas warning : Registers are spilled to local memory in function 'input_reduce_select_fusion_7', 4 bytes spill stores, 4 bytes spill loads

I0000 00:00:1788283027.087231    3374 subprocess_compilation.cc:348] ptxas warning : Registers are spilled to local memory in function 'input_reduce_select_fusion_2', 8 bytes spill stores, 8 bytes spill loads

I0000 00:00:1788283037.696549    1531 subprocess_compilation.cc:348] ptxas warning : Registers are spilled to local memory in function 'input_reduce_select_fusion_3', 12 bytes spill stores, 12 bytes spill loads
ptxas warning : Registers are spilled to local memory in function 'input_reduce_select_fusion_2', 8 bytes spill stores, 8 bytes spill loads
ptxas warning : Registers are spilled to local memory in function 'input_reduce_select_fusion', 4 bytes spill stores, 4 bytes spill loads

I0000 00:00:1788283076.775276    5164 subprocess_compilation.cc:348] ptxas warning : Registers are spilled to local memory in function 'gemm_fusion_MatMul_76', 4 bytes spill stores, 4 bytes spill loads

WARNING:absl:You are saving your model as an HDF5 file via `model.save()` or `keras.saving.save_model(model)`. This file format is considered legacy. We recommend using instead the native Keras format, e.g. `model.save('my_model.keras')` or `keras.saving.save_model(model, 'my_model.keras')`. 
  * saved best val_auc=0.6485 (epoch 1)
186/186 - 353s - 2s/step - loss: 0.3146 - sliced_auc: 0.8635 - val_loss: 0.5247 - val_sliced_auc: 0.5694 - val_auc: 0.6485
Epoch 2/80
WARNING:absl:You are saving your model as an HDF5 file via `model.save()` or `keras.saving.save_model(model)`. This file format is considered legacy. We recommend using instead the native Keras format, e.g. `model.save('my_model.keras')` or `keras.saving.save_model(model, 'my_model.keras')`. 
  * saved best val_auc=0.7168 (epoch 2)
186/186 - 20s - 106ms/step - loss: 0.2119 - sliced_auc: 0.9391 - val_loss: 0.6969 - val_sliced_auc: 0.6036 - val_auc: 0.7168
Epoch 3/80
WARNING:absl:You are saving your model as an HDF5 file via `model.save()` or `keras.saving.save_model(model)`. This file format is considered legacy. We recommend using instead the native Keras format, e.g. `model.save('my_model.keras')` or `keras.saving.save_model(model, 'my_model.keras')`. 
  * saved best val_auc=0.7695 (epoch 3)
186/186 - 18s - 99ms/step - loss: 0.1880 - sliced_auc: 0.9569 - val_loss: 0.5279 - val_sliced_auc: 0.6640 - val_auc: 0.7695
Epoch 4/80
186/186 - 12s - 65ms/step - loss: 0.1704 - sliced_auc: 0.9692 - val_loss: 0.3943 - val_sliced_auc: 0.7422 - val_auc: 0.7493
Epoch 5/80
186/186 - 13s - 68ms/step - loss: 0.1594 - sliced_auc: 0.9768 - val_loss: 0.4053 - val_sliced_auc: 0.7327 - val_auc: 0.7359
Epoch 6/80
186/186 - 20s - 108ms/step - loss: 0.1529 - sliced_auc: 0.9812 - val_loss: 0.4272 - val_sliced_auc: 0.7355 - val_auc: 0.7403
Epoch 7/80
186/186 - 7s - 35ms/step - loss: 0.1448 - sliced_auc: 0.9857 - val_loss: 0.4169 - val_sliced_auc: 0.7428 - val_auc: 0.7481
Epoch 8/80
186/186 - 18s - 99ms/step - loss: 0.1410 - sliced_auc: 0.9885 - val_loss: 0.4372 - val_sliced_auc: 0.7325 - val_auc: 0.7446
Epoch 9/80
186/186 - 12s - 65ms/step - loss: 0.1362 - sliced_auc: 0.9907 - val_loss: 0.4282 - val_sliced_auc: 0.7337 - val_auc: 0.7405
Epoch 10/80
186/186 - 13s - 73ms/step - loss: 0.1338 - sliced_auc: 0.9923 - val_loss: 0.4166 - val_sliced_auc: 0.7377 - val_auc: 0.7426
Epoch 11/80
186/186 - 14s - 75ms/step - loss: 0.1305 - sliced_auc: 0.9938 - val_loss: 0.4229 - val_sliced_auc: 0.7341 - val_auc: 0.7369
Epoch 12/80
186/186 - 12s - 64ms/step - loss: 0.1283 - sliced_auc: 0.9949 - val_loss: 0.4469 - val_sliced_auc: 0.7192 - val_auc: 0.7280
Epoch 13/80
186/186 - 12s - 63ms/step - loss: 0.1254 - sliced_auc: 0.9961 - val_loss: 0.4307 - val_sliced_auc: 0.7339 - val_auc: 0.7413
Epoch 14/80
186/186 - 13s - 69ms/step - loss: 0.1250 - sliced_auc: 0.9963 - val_loss: 0.4434 - val_sliced_auc: 0.7215 - val_auc: 0.7353
Epoch 15/80
186/186 - 20s - 105ms/step - loss: 0.1236 - sliced_auc: 0.9970 - val_loss: 0.4393 - val_sliced_auc: 0.7302 - val_auc: 0.7343
Epoch 16/80
186/186 - 13s - 70ms/step - loss: 0.1219 - sliced_auc: 0.9972 - val_loss: 0.4458 - val_sliced_auc: 0.7243 - val_auc: 0.7331
Epoch 17/80
186/186 - 13s - 67ms/step - loss: 0.1208 - sliced_auc: 0.9980 - val_loss: 0.4505 - val_sliced_auc: 0.7224 - val_auc: 0.7326
Epoch 18/80
186/186 - 20s - 105ms/step - loss: 0.1198 - sliced_auc: 0.9982 - val_loss: 0.4510 - val_sliced_auc: 0.7177 - val_auc: 0.7158
Epoch 19/80
186/186 - 14s - 78ms/step - loss: 0.1198 - sliced_auc: 0.9983 - val_loss: 0.4426 - val_sliced_auc: 0.7258 - val_auc: 0.7231
Epoch 20/80
186/186 - 12s - 65ms/step - loss: 0.1199 - sliced_auc: 0.9983 - val_loss: 0.4405 - val_sliced_auc: 0.7192 - val_auc: 0.7199
Epoch 21/80
186/186 - 18s - 97ms/step - loss: 0.1187 - sliced_auc: 0.9985 - val_loss: 0.4529 - val_sliced_auc: 0.7094 - val_auc: 0.7172
Epoch 22/80
186/186 - 19s - 104ms/step - loss: 0.1179 - sliced_auc: 0.9984 - val_loss: 0.4477 - val_sliced_auc: 0.7263 - val_auc: 0.7236
Epoch 23/80
186/186 - 12s - 65ms/step - loss: 0.1181 - sliced_auc: 0.9985 - val_loss: 0.4315 - val_sliced_auc: 0.7417 - val_auc: 0.7405
Epoch 23: early stopping
Restoring model weights from the end of the best epoch: 3.
[DPS] training done in 702s
[DPS] BEST: val AUC=0.7695; real holdout mean=0.1053 frac>0.5=0.0750
[DPS] saved best_resnet_large_distill_pilot_seed44.h5, train_history_distill_pilot_seed44.csv, train_distill_pilot_seed44.json
