WARNING: All log messages before absl::InitializeLog() is called are written to STDERR
I0000 00:00:1788254205.514118     392 port.cc:153] oneDNN custom operations are on. You may see slightly different numerical results due to floating-point round-off errors from different computation orders. To turn them off, set the environment variable `TF_ENABLE_ONEDNN_OPTS=0`.
I0000 00:00:1788254206.625973     392 cpu_feature_guard.cc:227] This TensorFlow binary is optimized to use available CPU instructions in performance-critical operations.
To enable the following instructions: AVX2 AVX512F AVX512_VNNI AVX512_BF16 AVX_VNNI FMA, in other operations, rebuild TensorFlow with the appropriate compiler flags.
WARNING: All log messages before absl::InitializeLog() is called are written to STDERR
I0000 00:00:1788254210.343003     392 port.cc:153] oneDNN custom operations are on. You may see slightly different numerical results due to floating-point round-off errors from different computation orders. To turn them off, set the environment variable `TF_ENABLE_ONEDNN_OPTS=0`.
W0000 00:00:1788254215.471476     392 gpu_device.cc:2459] TensorFlow was not built with CUDA kernel binaries compatible with compute capability 12.0a. CUDA kernels will be jit-compiled from PTX, which could take 30 minutes or longer.
[CB4] GPU: [PhysicalDevice(name='/physical_device:GPU:0', device_type='GPU')]
[CB4] base=5942 (abn=2500, norm=3442); val=4040 (与 v3 A 一致)
[CB4] mit_bih: mined_added=382 (dup_dropped=1) extra_abn=382
[CB4] incart: mined_added=517 (dup_dropped=0) extra_abn=517
[CB4] train total=7740 abn=3399 norm=4341 (公共库主域 abn:norm = 3399:3399)
W0000 00:00:1788254219.499111     392 gpu_device.cc:2459] TensorFlow was not built with CUDA kernel binaries compatible with compute capability 12.0a. CUDA kernels will be jit-compiled from PTX, which could take 30 minutes or longer.
I0000 00:00:1788254219.704228     392 gpu_device.cc:2043] Created device /job:localhost/replica:0/task:0/device:GPU:0 with 5199 MB memory:  -> device: 0, name: NVIDIA GeForce RTX 5070 Laptop GPU, pci bus id: 0000:01:00.0, compute capability: 12.0a
[CB4] params=62,834 (随机初始化, 从零训练)
Epoch 1/80
I0000 00:00:1788254228.513162     479 service.cc:153] XLA service 0x7a3b2406e180 initialized for platform CUDA (this does not guarantee that XLA will be used). Devices:
I0000 00:00:1788254228.513470     479 service.cc:161]   StreamExecutor [0]: NVIDIA GeForce RTX 5070 Laptop GPU, Compute Capability 12.0a (Driver: 13.2.0; Runtime: 12.9.0; Toolkit: 12.5.0; DNN: 9.24.0)
I0000 00:00:1788254228.744613     479 dump_mlir_util.cc:269] disabling MLIR crash reproducer, set env var `MLIR_CRASH_REPRODUCER_DIRECTORY` to enable.
I0000 00:00:1788254230.046914     479 cuda_dnn.cc:461] Loaded cuDNN version 92400
I0000 00:00:1788254230.251661     479 dot_merger.cc:481] Merging Dots in computation: a_inference_one_step_on_data_20969__.182
I0000 00:00:1788254231.759178     479 dot_search_space.cc:240] All configs were filtered out because none of them sufficiently match the hints. Maybe the hints set does not contain a good representative set of valid configs? Working around this by using the full hints set instead.
I0000 00:00:1788254235.674664     479 dot_search_space.cc:240] All configs were filtered out because none of them sufficiently match the hints. Maybe the hints set does not contain a good representative set of valid configs? Working around this by using the full hints set instead.
I0000 00:00:1788254236.048006     559 subprocess_compilation.cc:348] ptxas warning : Registers are spilled to local memory in function 'gemm_fusion_MatMul_124', 16 bytes spill stores, 16 bytes spill loads

I0000 00:00:1788254236.233638     554 subprocess_compilation.cc:348] ptxas warning : Registers are spilled to local memory in function 'gemm_fusion_MatMul_1_44', 28 bytes spill stores, 20 bytes spill loads

I0000 00:00:1788254236.539989     561 subprocess_compilation.cc:348] ptxas warning : Registers are spilled to local memory in function 'gemm_fusion_MatMul_1_46', 24 bytes spill stores, 16 bytes spill loads

I0000 00:00:1788254241.059771     555 subprocess_compilation.cc:348] ptxas warning : Registers are spilled to local memory in function 'input_reduce_select_fusion_2', 8 bytes spill stores, 8 bytes spill loads

I0000 00:00:1788254241.763082     563 subprocess_compilation.cc:348] ptxas warning : Registers are spilled to local memory in function 'input_reduce_select_fusion_1', 4 bytes spill stores, 4 bytes spill loads

I0000 00:00:1788254242.021039     555 subprocess_compilation.cc:348] ptxas warning : Registers are spilled to local memory in function 'input_reduce_select_fusion_3', 8 bytes spill stores, 8 bytes spill loads

I0000 00:00:1788254248.573752     479 device_compiler.h:208] Compiled cluster using XLA!  This line is logged at most once for the lifetime of the process.
I0000 00:00:1788254254.079385     477 dot_merger.cc:481] Merging Dots in computation: a_inference_one_step_on_data_20969__.182
I0000 00:00:1788254254.772492     477 dot_search_space.cc:240] All configs were filtered out because none of them sufficiently match the hints. Maybe the hints set does not contain a good representative set of valid configs? Working around this by using the full hints set instead.
I0000 00:00:1788254257.726121     477 dot_search_space.cc:240] All configs were filtered out because none of them sufficiently match the hints. Maybe the hints set does not contain a good representative set of valid configs? Working around this by using the full hints set instead.
I0000 00:00:1788254258.642375    1419 subprocess_compilation.cc:348] ptxas warning : Registers are spilled to local memory in function 'gemm_fusion_MatMul_124', 12 bytes spill stores, 12 bytes spill loads

I0000 00:00:1788254261.945704    1418 subprocess_compilation.cc:348] ptxas warning : Registers are spilled to local memory in function 'gemm_fusion_MatMul_1_46', 8 bytes spill stores, 8 bytes spill loads

I0000 00:00:1788254264.634270    1407 subprocess_compilation.cc:348] ptxas warning : Registers are spilled to local memory in function 'gemm_fusion_MatMul_114', 4 bytes spill stores, 4 bytes spill loads

I0000 00:00:1788254268.714729    1417 subprocess_compilation.cc:348] ptxas warning : Registers are spilled to local memory in function 'input_reduce_select_fusion_6', 4 bytes spill stores, 4 bytes spill loads

I0000 00:00:1788254270.307283    1417 subprocess_compilation.cc:348] ptxas warning : Registers are spilled to local memory in function 'input_reduce_select_fusion_7', 4 bytes spill stores, 4 bytes spill loads

I0000 00:00:1788254271.314816    1417 subprocess_compilation.cc:348] ptxas warning : Registers are spilled to local memory in function 'input_reduce_select_fusion_2', 8 bytes spill stores, 8 bytes spill loads

I0000 00:00:1788254279.868174     477 subprocess_compilation.cc:348] ptxas warning : Registers are spilled to local memory in function 'input_reduce_select_fusion_2', 8 bytes spill stores, 8 bytes spill loads

I0000 00:00:1788254286.476449    2294 subprocess_compilation.cc:348] ptxas warning : Registers are spilled to local memory in function 'gemm_fusion_MatMul_76', 4 bytes spill stores, 4 bytes spill loads

WARNING:absl:You are saving your model as an HDF5 file via `model.save()` or `keras.saving.save_model(model)`. This file format is considered legacy. We recommend using instead the native Keras format, e.g. `model.save('my_model.keras')` or `keras.saving.save_model(model, 'my_model.keras')`. 
  * saved best val_auc=0.5750 (epoch 1)
242/242 - 83s - 342ms/step - accuracy: 0.7535 - loss: 0.4966 - val_accuracy: 0.5079 - val_loss: 0.6925 - val_auc: 0.5750
Epoch 2/80
WARNING:absl:You are saving your model as an HDF5 file via `model.save()` or `keras.saving.save_model(model)`. This file format is considered legacy. We recommend using instead the native Keras format, e.g. `model.save('my_model.keras')` or `keras.saving.save_model(model, 'my_model.keras')`. 
  * saved best val_auc=0.6966 (epoch 2)
242/242 - 5s - 20ms/step - accuracy: 0.8563 - loss: 0.3394 - val_accuracy: 0.6248 - val_loss: 0.6249 - val_auc: 0.6966
Epoch 3/80
WARNING:absl:You are saving your model as an HDF5 file via `model.save()` or `keras.saving.save_model(model)`. This file format is considered legacy. We recommend using instead the native Keras format, e.g. `model.save('my_model.keras')` or `keras.saving.save_model(model, 'my_model.keras')`. 
  * saved best val_auc=0.7165 (epoch 3)
242/242 - 5s - 20ms/step - accuracy: 0.8884 - loss: 0.2707 - val_accuracy: 0.6708 - val_loss: 0.7253 - val_auc: 0.7165
Epoch 4/80
242/242 - 4s - 17ms/step - accuracy: 0.9110 - loss: 0.2225 - val_accuracy: 0.6663 - val_loss: 0.9505 - val_auc: 0.7027
Epoch 5/80
242/242 - 4s - 17ms/step - accuracy: 0.9298 - loss: 0.1848 - val_accuracy: 0.6668 - val_loss: 0.9950 - val_auc: 0.7043
Epoch 6/80
WARNING:absl:You are saving your model as an HDF5 file via `model.save()` or `keras.saving.save_model(model)`. This file format is considered legacy. We recommend using instead the native Keras format, e.g. `model.save('my_model.keras')` or `keras.saving.save_model(model, 'my_model.keras')`. 
  * saved best val_auc=0.7239 (epoch 6)
242/242 - 4s - 17ms/step - accuracy: 0.9455 - loss: 0.1520 - val_accuracy: 0.6601 - val_loss: 1.0232 - val_auc: 0.7239
Epoch 7/80
242/242 - 4s - 17ms/step - accuracy: 0.9541 - loss: 0.1292 - val_accuracy: 0.6752 - val_loss: 1.1379 - val_auc: 0.7164
Epoch 8/80
242/242 - 5s - 21ms/step - accuracy: 0.9650 - loss: 0.1032 - val_accuracy: 0.6658 - val_loss: 1.2988 - val_auc: 0.7160
Epoch 9/80
242/242 - 4s - 17ms/step - accuracy: 0.9690 - loss: 0.0903 - val_accuracy: 0.6671 - val_loss: 1.3926 - val_auc: 0.7185
Epoch 10/80
242/242 - 4s - 17ms/step - accuracy: 0.9757 - loss: 0.0713 - val_accuracy: 0.6604 - val_loss: 1.5064 - val_auc: 0.7230
Epoch 11/80
242/242 - 4s - 17ms/step - accuracy: 0.9789 - loss: 0.0663 - val_accuracy: 0.6601 - val_loss: 1.5824 - val_auc: 0.7090
Epoch 12/80
WARNING:absl:You are saving your model as an HDF5 file via `model.save()` or `keras.saving.save_model(model)`. This file format is considered legacy. We recommend using instead the native Keras format, e.g. `model.save('my_model.keras')` or `keras.saving.save_model(model, 'my_model.keras')`. 
  * saved best val_auc=0.7350 (epoch 12)
242/242 - 5s - 20ms/step - accuracy: 0.9792 - loss: 0.0590 - val_accuracy: 0.6824 - val_loss: 1.6208 - val_auc: 0.7350
Epoch 13/80
WARNING:absl:You are saving your model as an HDF5 file via `model.save()` or `keras.saving.save_model(model)`. This file format is considered legacy. We recommend using instead the native Keras format, e.g. `model.save('my_model.keras')` or `keras.saving.save_model(model, 'my_model.keras')`. 
  * saved best val_auc=0.7556 (epoch 13)
242/242 - 5s - 19ms/step - accuracy: 0.9819 - loss: 0.0498 - val_accuracy: 0.6889 - val_loss: 1.6664 - val_auc: 0.7556
Epoch 14/80
WARNING:absl:You are saving your model as an HDF5 file via `model.save()` or `keras.saving.save_model(model)`. This file format is considered legacy. We recommend using instead the native Keras format, e.g. `model.save('my_model.keras')` or `keras.saving.save_model(model, 'my_model.keras')`. 
  * saved best val_auc=0.7589 (epoch 14)
242/242 - 5s - 20ms/step - accuracy: 0.9842 - loss: 0.0481 - val_accuracy: 0.6631 - val_loss: 1.7858 - val_auc: 0.7589
Epoch 15/80
242/242 - 5s - 21ms/step - accuracy: 0.9841 - loss: 0.0414 - val_accuracy: 0.6339 - val_loss: 1.9810 - val_auc: 0.6916
Epoch 16/80
242/242 - 4s - 17ms/step - accuracy: 0.9849 - loss: 0.0450 - val_accuracy: 0.6686 - val_loss: 1.8763 - val_auc: 0.7162
Epoch 17/80
242/242 - 4s - 17ms/step - accuracy: 0.9899 - loss: 0.0296 - val_accuracy: 0.6557 - val_loss: 2.1617 - val_auc: 0.7301
Epoch 18/80
242/242 - 4s - 17ms/step - accuracy: 0.9877 - loss: 0.0354 - val_accuracy: 0.6535 - val_loss: 2.0480 - val_auc: 0.7175
Epoch 19/80
242/242 - 4s - 16ms/step - accuracy: 0.9921 - loss: 0.0219 - val_accuracy: 0.6438 - val_loss: 2.0589 - val_auc: 0.7358
Epoch 20/80
242/242 - 4s - 16ms/step - accuracy: 0.9928 - loss: 0.0230 - val_accuracy: 0.6426 - val_loss: 2.1008 - val_auc: 0.7243
Epoch 21/80
242/242 - 4s - 16ms/step - accuracy: 0.9890 - loss: 0.0304 - val_accuracy: 0.6475 - val_loss: 2.3366 - val_auc: 0.7281
Epoch 22/80
242/242 - 4s - 17ms/step - accuracy: 0.9952 - loss: 0.0150 - val_accuracy: 0.6512 - val_loss: 2.2710 - val_auc: 0.7349
Epoch 23/80
242/242 - 5s - 21ms/step - accuracy: 0.9953 - loss: 0.0121 - val_accuracy: 0.6334 - val_loss: 2.6132 - val_auc: 0.7231
Epoch 24/80
242/242 - 4s - 17ms/step - accuracy: 0.9916 - loss: 0.0220 - val_accuracy: 0.6515 - val_loss: 2.5021 - val_auc: 0.7072
Epoch 25/80
242/242 - 4s - 16ms/step - accuracy: 0.9937 - loss: 0.0175 - val_accuracy: 0.6691 - val_loss: 2.3573 - val_auc: 0.7430
Epoch 26/80
242/242 - 4s - 17ms/step - accuracy: 0.9943 - loss: 0.0146 - val_accuracy: 0.6149 - val_loss: 2.6474 - val_auc: 0.7208
Epoch 27/80
242/242 - 4s - 17ms/step - accuracy: 0.9946 - loss: 0.0173 - val_accuracy: 0.6554 - val_loss: 2.3768 - val_auc: 0.7318
Epoch 28/80
242/242 - 4s - 17ms/step - accuracy: 0.9913 - loss: 0.0256 - val_accuracy: 0.6562 - val_loss: 2.2521 - val_auc: 0.7394
Epoch 29/80
242/242 - 4s - 17ms/step - accuracy: 0.9963 - loss: 0.0124 - val_accuracy: 0.6517 - val_loss: 2.4976 - val_auc: 0.7268
Epoch 30/80
242/242 - 4s - 17ms/step - accuracy: 0.9987 - loss: 0.0038 - val_accuracy: 0.6386 - val_loss: 2.5448 - val_auc: 0.7307
Epoch 31/80
242/242 - 5s - 21ms/step - accuracy: 0.9963 - loss: 0.0097 - val_accuracy: 0.6837 - val_loss: 2.6185 - val_auc: 0.7535
Epoch 32/80
242/242 - 4s - 17ms/step - accuracy: 0.9968 - loss: 0.0119 - val_accuracy: 0.6453 - val_loss: 3.1820 - val_auc: 0.6870
Epoch 33/80
242/242 - 4s - 17ms/step - accuracy: 0.9979 - loss: 0.0062 - val_accuracy: 0.6426 - val_loss: 2.8327 - val_auc: 0.7150
Epoch 34/80
242/242 - 4s - 17ms/step - accuracy: 0.9987 - loss: 0.0055 - val_accuracy: 0.6644 - val_loss: 2.7727 - val_auc: 0.7289
Epoch 34: early stopping
Restoring model weights from the end of the best epoch: 14.
[CB4] training done in 233s
[CB4] BEST val AUC=0.7589; real holdout mean=0.0395 frac>0.5=0.0250
[CB4] saved /mnt/c/Users/cai/OneDrive/Desktop/Fe programme 25261/ecg-programme-tju-flex.electron-master/pc_tools/ecg_dl/models/deploy_match/train_clean_baseline_v4.json
